<!doctype html public "-//w3c//dtd html 4.0 transitional//en">
<html><head>
<title>Static Call Graph - [.\Objects\Ethernet.axf]</title></head>
<body><HR>
<H1>Static Call Graph for image .\Objects\Ethernet.axf</H1><HR>
<BR><P>#&#060CALLGRAPH&#062# ARM Linker, 6160001: Last Updated: Wed Oct 23 19:04:30 2024
<BR><P>
<H3>Maximum Stack Usage =        232 bytes + Unknown(Functions without stacksize, Cycles, Untraceable Function Pointers)</H3><H3>
Call chain for Maximum Stack Depth:</H3>
__rt_entry_main &rArr; main &rArr; set_ethernet &rArr; ETH_Init &rArr; ETH_DMAPrepare &rArr; DMA_Init &rArr; DMA_CtrlDataInit
<P>
<H3>
Functions with no stack information
</H3><UL>
 <LI><a href="#[3a]">__user_initial_stackheap</a>
</UL>
</UL>
<P>
<H3>
Mutually Recursive functions
</H3> <LI><a href="#[1]">NMI_Handler</a>&nbsp;&nbsp;&nbsp;&rArr;&nbsp;&nbsp;&nbsp;<a href="#[1]">NMI_Handler</a><BR>
 <LI><a href="#[2]">HardFault_Handler</a>&nbsp;&nbsp;&nbsp;&rArr;&nbsp;&nbsp;&nbsp;<a href="#[2]">HardFault_Handler</a><BR>
 <LI><a href="#[3]">SVC_Handler</a>&nbsp;&nbsp;&nbsp;&rArr;&nbsp;&nbsp;&nbsp;<a href="#[3]">SVC_Handler</a><BR>
 <LI><a href="#[4]">PendSV_Handler</a>&nbsp;&nbsp;&nbsp;&rArr;&nbsp;&nbsp;&nbsp;<a href="#[4]">PendSV_Handler</a><BR>
 <LI><a href="#[5]">SysTick_Handler</a>&nbsp;&nbsp;&nbsp;&rArr;&nbsp;&nbsp;&nbsp;<a href="#[5]">SysTick_Handler</a><BR>
 <LI><a href="#[6]">MIL_STD_1553B2_IRQHandler</a>&nbsp;&nbsp;&nbsp;&rArr;&nbsp;&nbsp;&nbsp;<a href="#[6]">MIL_STD_1553B2_IRQHandler</a><BR>
 <LI><a href="#[7]">MIL_STD_1553B1_IRQHandler</a>&nbsp;&nbsp;&nbsp;&rArr;&nbsp;&nbsp;&nbsp;<a href="#[7]">MIL_STD_1553B1_IRQHandler</a><BR>
 <LI><a href="#[8]">USB_IRQHandler</a>&nbsp;&nbsp;&nbsp;&rArr;&nbsp;&nbsp;&nbsp;<a href="#[8]">USB_IRQHandler</a><BR>
 <LI><a href="#[9]">CAN1_IRQHandler</a>&nbsp;&nbsp;&nbsp;&rArr;&nbsp;&nbsp;&nbsp;<a href="#[9]">CAN1_IRQHandler</a><BR>
 <LI><a href="#[a]">CAN2_IRQHandler</a>&nbsp;&nbsp;&nbsp;&rArr;&nbsp;&nbsp;&nbsp;<a href="#[a]">CAN2_IRQHandler</a><BR>
 <LI><a href="#[b]">DMA_IRQHandler</a>&nbsp;&nbsp;&nbsp;&rArr;&nbsp;&nbsp;&nbsp;<a href="#[b]">DMA_IRQHandler</a><BR>
 <LI><a href="#[c]">UART1_IRQHandler</a>&nbsp;&nbsp;&nbsp;&rArr;&nbsp;&nbsp;&nbsp;<a href="#[c]">UART1_IRQHandler</a><BR>
 <LI><a href="#[d]">UART2_IRQHandler</a>&nbsp;&nbsp;&nbsp;&rArr;&nbsp;&nbsp;&nbsp;<a href="#[d]">UART2_IRQHandler</a><BR>
 <LI><a href="#[e]">SSP1_IRQHandler</a>&nbsp;&nbsp;&nbsp;&rArr;&nbsp;&nbsp;&nbsp;<a href="#[e]">SSP1_IRQHandler</a><BR>
 <LI><a href="#[f]">BUSY_IRQHandler</a>&nbsp;&nbsp;&nbsp;&rArr;&nbsp;&nbsp;&nbsp;<a href="#[f]">BUSY_IRQHandler</a><BR>
 <LI><a href="#[10]">ARINC429R_IRQHandler</a>&nbsp;&nbsp;&nbsp;&rArr;&nbsp;&nbsp;&nbsp;<a href="#[10]">ARINC429R_IRQHandler</a><BR>
 <LI><a href="#[11]">POWER_IRQHandler</a>&nbsp;&nbsp;&nbsp;&rArr;&nbsp;&nbsp;&nbsp;<a href="#[11]">POWER_IRQHandler</a><BR>
 <LI><a href="#[12]">WWDG_IRQHandler</a>&nbsp;&nbsp;&nbsp;&rArr;&nbsp;&nbsp;&nbsp;<a href="#[12]">WWDG_IRQHandler</a><BR>
 <LI><a href="#[13]">TIMER4_IRQHandler</a>&nbsp;&nbsp;&nbsp;&rArr;&nbsp;&nbsp;&nbsp;<a href="#[13]">TIMER4_IRQHandler</a><BR>
 <LI><a href="#[14]">TIMER1_IRQHandler</a>&nbsp;&nbsp;&nbsp;&rArr;&nbsp;&nbsp;&nbsp;<a href="#[14]">TIMER1_IRQHandler</a><BR>
 <LI><a href="#[16]">TIMER3_IRQHandler</a>&nbsp;&nbsp;&nbsp;&rArr;&nbsp;&nbsp;&nbsp;<a href="#[16]">TIMER3_IRQHandler</a><BR>
 <LI><a href="#[19]">SSP3_IRQHandler</a>&nbsp;&nbsp;&nbsp;&rArr;&nbsp;&nbsp;&nbsp;<a href="#[19]">SSP3_IRQHandler</a><BR>
 <LI><a href="#[1a]">SSP2_IRQHandler</a>&nbsp;&nbsp;&nbsp;&rArr;&nbsp;&nbsp;&nbsp;<a href="#[1a]">SSP2_IRQHandler</a><BR>
 <LI><a href="#[1b]">ARINC429T1_IRQHandler</a>&nbsp;&nbsp;&nbsp;&rArr;&nbsp;&nbsp;&nbsp;<a href="#[1b]">ARINC429T1_IRQHandler</a><BR>
 <LI><a href="#[1c]">ARINC429T2_IRQHandler</a>&nbsp;&nbsp;&nbsp;&rArr;&nbsp;&nbsp;&nbsp;<a href="#[1c]">ARINC429T2_IRQHandler</a><BR>
 <LI><a href="#[1d]">ARINC429T3_IRQHandler</a>&nbsp;&nbsp;&nbsp;&rArr;&nbsp;&nbsp;&nbsp;<a href="#[1d]">ARINC429T3_IRQHandler</a><BR>
 <LI><a href="#[1e]">ARINC429T4_IRQHandler</a>&nbsp;&nbsp;&nbsp;&rArr;&nbsp;&nbsp;&nbsp;<a href="#[1e]">ARINC429T4_IRQHandler</a><BR>
 <LI><a href="#[1f]">BKP_IRQHandler</a>&nbsp;&nbsp;&nbsp;&rArr;&nbsp;&nbsp;&nbsp;<a href="#[1f]">BKP_IRQHandler</a><BR>
 <LI><a href="#[20]">EXT_INT1_IRQHandler</a>&nbsp;&nbsp;&nbsp;&rArr;&nbsp;&nbsp;&nbsp;<a href="#[20]">EXT_INT1_IRQHandler</a><BR>
 <LI><a href="#[21]">EXT_INT2_IRQHandler</a>&nbsp;&nbsp;&nbsp;&rArr;&nbsp;&nbsp;&nbsp;<a href="#[21]">EXT_INT2_IRQHandler</a><BR>
 <LI><a href="#[22]">EXT_INT3_IRQHandler</a>&nbsp;&nbsp;&nbsp;&rArr;&nbsp;&nbsp;&nbsp;<a href="#[22]">EXT_INT3_IRQHandler</a><BR>
 <LI><a href="#[23]">EXT_INT4_IRQHandler</a>&nbsp;&nbsp;&nbsp;&rArr;&nbsp;&nbsp;&nbsp;<a href="#[23]">EXT_INT4_IRQHandler</a><BR>
</UL>
<P>
<H3>
Function Pointers
</H3><UL>
 <LI><a href="#[17]">ADC_IRQHandler</a> from main.o(.text.ADC_IRQHandler) referenced from startup_mdr1986ve1t.o(RESET)
 <LI><a href="#[10]">ARINC429R_IRQHandler</a> from startup_mdr1986ve1t.o(.text) referenced from startup_mdr1986ve1t.o(RESET)
 <LI><a href="#[1b]">ARINC429T1_IRQHandler</a> from startup_mdr1986ve1t.o(.text) referenced from startup_mdr1986ve1t.o(RESET)
 <LI><a href="#[1c]">ARINC429T2_IRQHandler</a> from startup_mdr1986ve1t.o(.text) referenced from startup_mdr1986ve1t.o(RESET)
 <LI><a href="#[1d]">ARINC429T3_IRQHandler</a> from startup_mdr1986ve1t.o(.text) referenced from startup_mdr1986ve1t.o(RESET)
 <LI><a href="#[1e]">ARINC429T4_IRQHandler</a> from startup_mdr1986ve1t.o(.text) referenced from startup_mdr1986ve1t.o(RESET)
 <LI><a href="#[1f]">BKP_IRQHandler</a> from startup_mdr1986ve1t.o(.text) referenced from startup_mdr1986ve1t.o(RESET)
 <LI><a href="#[f]">BUSY_IRQHandler</a> from startup_mdr1986ve1t.o(.text) referenced from startup_mdr1986ve1t.o(RESET)
 <LI><a href="#[9]">CAN1_IRQHandler</a> from startup_mdr1986ve1t.o(.text) referenced from startup_mdr1986ve1t.o(RESET)
 <LI><a href="#[a]">CAN2_IRQHandler</a> from startup_mdr1986ve1t.o(.text) referenced from startup_mdr1986ve1t.o(RESET)
 <LI><a href="#[b]">DMA_IRQHandler</a> from startup_mdr1986ve1t.o(.text) referenced from startup_mdr1986ve1t.o(RESET)
 <LI><a href="#[18]">ETHERNET_IRQHandler</a> from main.o(.text.ETHERNET_IRQHandler) referenced from startup_mdr1986ve1t.o(RESET)
 <LI><a href="#[20]">EXT_INT1_IRQHandler</a> from startup_mdr1986ve1t.o(.text) referenced from startup_mdr1986ve1t.o(RESET)
 <LI><a href="#[21]">EXT_INT2_IRQHandler</a> from startup_mdr1986ve1t.o(.text) referenced from startup_mdr1986ve1t.o(RESET)
 <LI><a href="#[22]">EXT_INT3_IRQHandler</a> from startup_mdr1986ve1t.o(.text) referenced from startup_mdr1986ve1t.o(RESET)
 <LI><a href="#[23]">EXT_INT4_IRQHandler</a> from startup_mdr1986ve1t.o(.text) referenced from startup_mdr1986ve1t.o(RESET)
 <LI><a href="#[2]">HardFault_Handler</a> from startup_mdr1986ve1t.o(.text) referenced from startup_mdr1986ve1t.o(RESET)
 <LI><a href="#[7]">MIL_STD_1553B1_IRQHandler</a> from startup_mdr1986ve1t.o(.text) referenced from startup_mdr1986ve1t.o(RESET)
 <LI><a href="#[6]">MIL_STD_1553B2_IRQHandler</a> from startup_mdr1986ve1t.o(.text) referenced from startup_mdr1986ve1t.o(RESET)
 <LI><a href="#[1]">NMI_Handler</a> from startup_mdr1986ve1t.o(.text) referenced from startup_mdr1986ve1t.o(RESET)
 <LI><a href="#[11]">POWER_IRQHandler</a> from startup_mdr1986ve1t.o(.text) referenced from startup_mdr1986ve1t.o(RESET)
 <LI><a href="#[4]">PendSV_Handler</a> from startup_mdr1986ve1t.o(.text) referenced from startup_mdr1986ve1t.o(RESET)
 <LI><a href="#[0]">Reset_Handler</a> from startup_mdr1986ve1t.o(.text) referenced from startup_mdr1986ve1t.o(RESET)
 <LI><a href="#[e]">SSP1_IRQHandler</a> from startup_mdr1986ve1t.o(.text) referenced from startup_mdr1986ve1t.o(RESET)
 <LI><a href="#[1a]">SSP2_IRQHandler</a> from startup_mdr1986ve1t.o(.text) referenced from startup_mdr1986ve1t.o(RESET)
 <LI><a href="#[19]">SSP3_IRQHandler</a> from startup_mdr1986ve1t.o(.text) referenced from startup_mdr1986ve1t.o(RESET)
 <LI><a href="#[3]">SVC_Handler</a> from startup_mdr1986ve1t.o(.text) referenced from startup_mdr1986ve1t.o(RESET)
 <LI><a href="#[5]">SysTick_Handler</a> from startup_mdr1986ve1t.o(.text) referenced from startup_mdr1986ve1t.o(RESET)
 <LI><a href="#[24]">SystemInit</a> from system_mdr1986ve1t.o(.text.SystemInit) referenced from startup_mdr1986ve1t.o(.text)
 <LI><a href="#[14]">TIMER1_IRQHandler</a> from startup_mdr1986ve1t.o(.text) referenced from startup_mdr1986ve1t.o(RESET)
 <LI><a href="#[15]">TIMER2_IRQHandler</a> from main.o(.text.TIMER2_IRQHandler) referenced from startup_mdr1986ve1t.o(RESET)
 <LI><a href="#[16]">TIMER3_IRQHandler</a> from startup_mdr1986ve1t.o(.text) referenced from startup_mdr1986ve1t.o(RESET)
 <LI><a href="#[13]">TIMER4_IRQHandler</a> from startup_mdr1986ve1t.o(.text) referenced from startup_mdr1986ve1t.o(RESET)
 <LI><a href="#[c]">UART1_IRQHandler</a> from startup_mdr1986ve1t.o(.text) referenced from startup_mdr1986ve1t.o(RESET)
 <LI><a href="#[d]">UART2_IRQHandler</a> from startup_mdr1986ve1t.o(.text) referenced from startup_mdr1986ve1t.o(RESET)
 <LI><a href="#[8]">USB_IRQHandler</a> from startup_mdr1986ve1t.o(.text) referenced from startup_mdr1986ve1t.o(RESET)
 <LI><a href="#[12]">WWDG_IRQHandler</a> from startup_mdr1986ve1t.o(.text) referenced from startup_mdr1986ve1t.o(RESET)
 <LI><a href="#[25]">__main</a> from __main.o(!!!main) referenced from startup_mdr1986ve1t.o(.text)
</UL>
<P>
<H3>
Global Symbols
</H3>
<P><STRONG><a name="[25]"></a>__main</STRONG> (Thumb, 8 bytes, Stack size 0 bytes, __main.o(!!!main))
<BR><BR>[Calls]<UL><LI><a href="#[26]">&gt;&gt;</a>&nbsp;&nbsp;&nbsp;__scatterload
<LI><a href="#[27]">&gt;&gt;</a>&nbsp;&nbsp;&nbsp;__rt_entry
</UL>
<BR>[Address Reference Count : 1]<UL><LI> startup_mdr1986ve1t.o(.text)
</UL>
<P><STRONG><a name="[26]"></a>__scatterload</STRONG> (Thumb, 0 bytes, Stack size unknown bytes, __scatter.o(!!!scatter))
<BR><BR>[Called By]<UL><LI><a href="#[25]">&gt;&gt;</a>&nbsp;&nbsp;&nbsp;__main
</UL>

<P><STRONG><a name="[28]"></a>__scatterload_rt2</STRONG> (Thumb, 52 bytes, Stack size unknown bytes, __scatter.o(!!!scatter), UNUSED)
<BR><BR>[Calls]<UL><LI><a href="#[27]">&gt;&gt;</a>&nbsp;&nbsp;&nbsp;__rt_entry
</UL>

<P><STRONG><a name="[9d]"></a>__scatterload_rt2_thumb_only</STRONG> (Thumb, 0 bytes, Stack size unknown bytes, __scatter.o(!!!scatter), UNUSED)

<P><STRONG><a name="[9e]"></a>__scatterload_null</STRONG> (Thumb, 0 bytes, Stack size unknown bytes, __scatter.o(!!!scatter), UNUSED)

<P><STRONG><a name="[9f]"></a>__scatterload_zeroinit</STRONG> (Thumb, 28 bytes, Stack size unknown bytes, __scatter_zi.o(!!handler_zi), UNUSED)

<P><STRONG><a name="[2c]"></a>__rt_lib_init</STRONG> (Thumb, 0 bytes, Stack size unknown bytes, libinit.o(.ARM.Collect$$libinit$$00000000))
<BR><BR>[Called By]<UL><LI><a href="#[2b]">&gt;&gt;</a>&nbsp;&nbsp;&nbsp;__rt_entry_li
</UL>

<P><STRONG><a name="[a0]"></a>__rt_lib_init_alloca_1</STRONG> (Thumb, 0 bytes, Stack size unknown bytes, libinit2.o(.ARM.Collect$$libinit$$0000002E))

<P><STRONG><a name="[a1]"></a>__rt_lib_init_argv_1</STRONG> (Thumb, 0 bytes, Stack size unknown bytes, libinit2.o(.ARM.Collect$$libinit$$0000002C))

<P><STRONG><a name="[a2]"></a>__rt_lib_init_atexit_1</STRONG> (Thumb, 0 bytes, Stack size unknown bytes, libinit2.o(.ARM.Collect$$libinit$$0000001B))

<P><STRONG><a name="[a3]"></a>__rt_lib_init_clock_1</STRONG> (Thumb, 0 bytes, Stack size unknown bytes, libinit2.o(.ARM.Collect$$libinit$$00000021))

<P><STRONG><a name="[a4]"></a>__rt_lib_init_cpp_1</STRONG> (Thumb, 0 bytes, Stack size unknown bytes, libinit2.o(.ARM.Collect$$libinit$$00000032))

<P><STRONG><a name="[a5]"></a>__rt_lib_init_exceptions_1</STRONG> (Thumb, 0 bytes, Stack size unknown bytes, libinit2.o(.ARM.Collect$$libinit$$00000030))

<P><STRONG><a name="[a6]"></a>__rt_lib_init_fp_1</STRONG> (Thumb, 0 bytes, Stack size unknown bytes, libinit2.o(.ARM.Collect$$libinit$$00000002))

<P><STRONG><a name="[a7]"></a>__rt_lib_init_fp_trap_1</STRONG> (Thumb, 0 bytes, Stack size unknown bytes, libinit2.o(.ARM.Collect$$libinit$$0000001F))

<P><STRONG><a name="[a8]"></a>__rt_lib_init_getenv_1</STRONG> (Thumb, 0 bytes, Stack size unknown bytes, libinit2.o(.ARM.Collect$$libinit$$00000023))

<P><STRONG><a name="[a9]"></a>__rt_lib_init_heap_1</STRONG> (Thumb, 0 bytes, Stack size unknown bytes, libinit2.o(.ARM.Collect$$libinit$$0000000A))

<P><STRONG><a name="[aa]"></a>__rt_lib_init_lc_collate_1</STRONG> (Thumb, 0 bytes, Stack size unknown bytes, libinit2.o(.ARM.Collect$$libinit$$00000011))

<P><STRONG><a name="[ab]"></a>__rt_lib_init_lc_ctype_1</STRONG> (Thumb, 0 bytes, Stack size unknown bytes, libinit2.o(.ARM.Collect$$libinit$$00000013))

<P><STRONG><a name="[ac]"></a>__rt_lib_init_lc_monetary_1</STRONG> (Thumb, 0 bytes, Stack size unknown bytes, libinit2.o(.ARM.Collect$$libinit$$00000015))

<P><STRONG><a name="[ad]"></a>__rt_lib_init_lc_numeric_1</STRONG> (Thumb, 0 bytes, Stack size unknown bytes, libinit2.o(.ARM.Collect$$libinit$$00000017))

<P><STRONG><a name="[ae]"></a>__rt_lib_init_lc_time_1</STRONG> (Thumb, 0 bytes, Stack size unknown bytes, libinit2.o(.ARM.Collect$$libinit$$00000019))

<P><STRONG><a name="[af]"></a>__rt_lib_init_preinit_1</STRONG> (Thumb, 0 bytes, Stack size unknown bytes, libinit2.o(.ARM.Collect$$libinit$$00000004))

<P><STRONG><a name="[b0]"></a>__rt_lib_init_rand_1</STRONG> (Thumb, 0 bytes, Stack size unknown bytes, libinit2.o(.ARM.Collect$$libinit$$0000000E))

<P><STRONG><a name="[b1]"></a>__rt_lib_init_return</STRONG> (Thumb, 0 bytes, Stack size unknown bytes, libinit2.o(.ARM.Collect$$libinit$$00000033))

<P><STRONG><a name="[b2]"></a>__rt_lib_init_signal_1</STRONG> (Thumb, 0 bytes, Stack size unknown bytes, libinit2.o(.ARM.Collect$$libinit$$0000001D))

<P><STRONG><a name="[b3]"></a>__rt_lib_init_stdio_1</STRONG> (Thumb, 0 bytes, Stack size unknown bytes, libinit2.o(.ARM.Collect$$libinit$$00000025))

<P><STRONG><a name="[b4]"></a>__rt_lib_init_user_alloc_1</STRONG> (Thumb, 0 bytes, Stack size unknown bytes, libinit2.o(.ARM.Collect$$libinit$$0000000C))

<P><STRONG><a name="[31]"></a>__rt_lib_shutdown</STRONG> (Thumb, 0 bytes, Stack size unknown bytes, libshutdown.o(.ARM.Collect$$libshutdown$$00000000))
<BR><BR>[Called By]<UL><LI><a href="#[30]">&gt;&gt;</a>&nbsp;&nbsp;&nbsp;__rt_exit_ls
</UL>

<P><STRONG><a name="[b5]"></a>__rt_lib_shutdown_cpp_1</STRONG> (Thumb, 0 bytes, Stack size unknown bytes, libshutdown2.o(.ARM.Collect$$libshutdown$$00000002))

<P><STRONG><a name="[b6]"></a>__rt_lib_shutdown_fp_trap_1</STRONG> (Thumb, 0 bytes, Stack size unknown bytes, libshutdown2.o(.ARM.Collect$$libshutdown$$00000007))

<P><STRONG><a name="[b7]"></a>__rt_lib_shutdown_heap_1</STRONG> (Thumb, 0 bytes, Stack size unknown bytes, libshutdown2.o(.ARM.Collect$$libshutdown$$0000000F))

<P><STRONG><a name="[b8]"></a>__rt_lib_shutdown_return</STRONG> (Thumb, 0 bytes, Stack size unknown bytes, libshutdown2.o(.ARM.Collect$$libshutdown$$00000010))

<P><STRONG><a name="[b9]"></a>__rt_lib_shutdown_signal_1</STRONG> (Thumb, 0 bytes, Stack size unknown bytes, libshutdown2.o(.ARM.Collect$$libshutdown$$0000000A))

<P><STRONG><a name="[ba]"></a>__rt_lib_shutdown_stdio_1</STRONG> (Thumb, 0 bytes, Stack size unknown bytes, libshutdown2.o(.ARM.Collect$$libshutdown$$00000004))

<P><STRONG><a name="[bb]"></a>__rt_lib_shutdown_user_alloc_1</STRONG> (Thumb, 0 bytes, Stack size unknown bytes, libshutdown2.o(.ARM.Collect$$libshutdown$$0000000C))

<P><STRONG><a name="[27]"></a>__rt_entry</STRONG> (Thumb, 0 bytes, Stack size unknown bytes, __rtentry.o(.ARM.Collect$$rtentry$$00000000))
<BR><BR>[Called By]<UL><LI><a href="#[25]">&gt;&gt;</a>&nbsp;&nbsp;&nbsp;__main
<LI><a href="#[28]">&gt;&gt;</a>&nbsp;&nbsp;&nbsp;__scatterload_rt2
</UL>

<P><STRONG><a name="[bc]"></a>__rt_entry_presh_1</STRONG> (Thumb, 0 bytes, Stack size unknown bytes, __rtentry2.o(.ARM.Collect$$rtentry$$00000002))

<P><STRONG><a name="[29]"></a>__rt_entry_sh</STRONG> (Thumb, 0 bytes, Stack size unknown bytes, __rtentry4.o(.ARM.Collect$$rtentry$$00000004))
<BR><BR>[Stack]<UL><LI>Max Depth = 8 + Unknown Stack Size
<LI>Call Chain = __rt_entry_sh &rArr; __user_setup_stackheap
</UL>
<BR>[Calls]<UL><LI><a href="#[2a]">&gt;&gt;</a>&nbsp;&nbsp;&nbsp;__user_setup_stackheap
</UL>

<P><STRONG><a name="[2b]"></a>__rt_entry_li</STRONG> (Thumb, 0 bytes, Stack size unknown bytes, __rtentry2.o(.ARM.Collect$$rtentry$$0000000A))
<BR><BR>[Calls]<UL><LI><a href="#[2c]">&gt;&gt;</a>&nbsp;&nbsp;&nbsp;__rt_lib_init
</UL>

<P><STRONG><a name="[bd]"></a>__rt_entry_postsh_1</STRONG> (Thumb, 0 bytes, Stack size unknown bytes, __rtentry2.o(.ARM.Collect$$rtentry$$00000009))

<P><STRONG><a name="[2d]"></a>__rt_entry_main</STRONG> (Thumb, 0 bytes, Stack size unknown bytes, __rtentry2.o(.ARM.Collect$$rtentry$$0000000D))
<BR><BR>[Stack]<UL><LI>Max Depth = 232 + Unknown Stack Size
<LI>Call Chain = __rt_entry_main &rArr; main &rArr; set_ethernet &rArr; ETH_Init &rArr; ETH_DMAPrepare &rArr; DMA_Init &rArr; DMA_CtrlDataInit
</UL>
<BR>[Calls]<UL><LI><a href="#[2e]">&gt;&gt;</a>&nbsp;&nbsp;&nbsp;main
<LI><a href="#[2f]">&gt;&gt;</a>&nbsp;&nbsp;&nbsp;exit
</UL>

<P><STRONG><a name="[be]"></a>__rt_entry_postli_1</STRONG> (Thumb, 0 bytes, Stack size unknown bytes, __rtentry2.o(.ARM.Collect$$rtentry$$0000000C))

<P><STRONG><a name="[3c]"></a>__rt_exit</STRONG> (Thumb, 0 bytes, Stack size unknown bytes, rtexit.o(.ARM.Collect$$rtexit$$00000000))
<BR><BR>[Called By]<UL><LI><a href="#[2f]">&gt;&gt;</a>&nbsp;&nbsp;&nbsp;exit
</UL>

<P><STRONG><a name="[30]"></a>__rt_exit_ls</STRONG> (Thumb, 0 bytes, Stack size unknown bytes, rtexit2.o(.ARM.Collect$$rtexit$$00000003))
<BR><BR>[Calls]<UL><LI><a href="#[31]">&gt;&gt;</a>&nbsp;&nbsp;&nbsp;__rt_lib_shutdown
</UL>

<P><STRONG><a name="[bf]"></a>__rt_exit_prels_1</STRONG> (Thumb, 0 bytes, Stack size unknown bytes, rtexit2.o(.ARM.Collect$$rtexit$$00000002))

<P><STRONG><a name="[32]"></a>__rt_exit_exit</STRONG> (Thumb, 0 bytes, Stack size unknown bytes, rtexit2.o(.ARM.Collect$$rtexit$$00000004))
<BR><BR>[Calls]<UL><LI><a href="#[33]">&gt;&gt;</a>&nbsp;&nbsp;&nbsp;_sys_exit
</UL>

<P><STRONG><a name="[35]"></a>__aeabi_memcpy4</STRONG> (Thumb, 56 bytes, Stack size 0 bytes, rt_memcpy.o(.emb_text))
<BR><BR>[Called By]<UL><LI><a href="#[34]">&gt;&gt;</a>&nbsp;&nbsp;&nbsp;__aeabi_memcpy
</UL>

<P><STRONG><a name="[c0]"></a>__aeabi_memcpy8</STRONG> (Thumb, 0 bytes, Stack size 0 bytes, rt_memcpy.o(.emb_text), UNUSED)

<P><STRONG><a name="[0]"></a>Reset_Handler</STRONG> (Thumb, 8 bytes, Stack size 0 bytes, startup_mdr1986ve1t.o(.text))
<BR>[Address Reference Count : 1]<UL><LI> startup_mdr1986ve1t.o(RESET)
</UL>
<P><STRONG><a name="[1]"></a>NMI_Handler</STRONG> (Thumb, 2 bytes, Stack size 0 bytes, startup_mdr1986ve1t.o(.text))
<BR><BR>[Calls]<UL><LI><a href="#[1]">&gt;&gt;</a>&nbsp;&nbsp;&nbsp;NMI_Handler
</UL>
<BR>[Called By]<UL><LI><a href="#[1]">&gt;&gt;</a>&nbsp;&nbsp;&nbsp;NMI_Handler
</UL>
<BR>[Address Reference Count : 1]<UL><LI> startup_mdr1986ve1t.o(RESET)
</UL>
<P><STRONG><a name="[2]"></a>HardFault_Handler</STRONG> (Thumb, 2 bytes, Stack size 0 bytes, startup_mdr1986ve1t.o(.text))
<BR><BR>[Calls]<UL><LI><a href="#[2]">&gt;&gt;</a>&nbsp;&nbsp;&nbsp;HardFault_Handler
</UL>
<BR>[Called By]<UL><LI><a href="#[2]">&gt;&gt;</a>&nbsp;&nbsp;&nbsp;HardFault_Handler
</UL>
<BR>[Address Reference Count : 1]<UL><LI> startup_mdr1986ve1t.o(RESET)
</UL>
<P><STRONG><a name="[3]"></a>SVC_Handler</STRONG> (Thumb, 2 bytes, Stack size 0 bytes, startup_mdr1986ve1t.o(.text))
<BR><BR>[Calls]<UL><LI><a href="#[3]">&gt;&gt;</a>&nbsp;&nbsp;&nbsp;SVC_Handler
</UL>
<BR>[Called By]<UL><LI><a href="#[3]">&gt;&gt;</a>&nbsp;&nbsp;&nbsp;SVC_Handler
</UL>
<BR>[Address Reference Count : 1]<UL><LI> startup_mdr1986ve1t.o(RESET)
</UL>
<P><STRONG><a name="[4]"></a>PendSV_Handler</STRONG> (Thumb, 2 bytes, Stack size 0 bytes, startup_mdr1986ve1t.o(.text))
<BR><BR>[Calls]<UL><LI><a href="#[4]">&gt;&gt;</a>&nbsp;&nbsp;&nbsp;PendSV_Handler
</UL>
<BR>[Called By]<UL><LI><a href="#[4]">&gt;&gt;</a>&nbsp;&nbsp;&nbsp;PendSV_Handler
</UL>
<BR>[Address Reference Count : 1]<UL><LI> startup_mdr1986ve1t.o(RESET)
</UL>
<P><STRONG><a name="[5]"></a>SysTick_Handler</STRONG> (Thumb, 2 bytes, Stack size 0 bytes, startup_mdr1986ve1t.o(.text))
<BR><BR>[Calls]<UL><LI><a href="#[5]">&gt;&gt;</a>&nbsp;&nbsp;&nbsp;SysTick_Handler
</UL>
<BR>[Called By]<UL><LI><a href="#[5]">&gt;&gt;</a>&nbsp;&nbsp;&nbsp;SysTick_Handler
</UL>
<BR>[Address Reference Count : 1]<UL><LI> startup_mdr1986ve1t.o(RESET)
</UL>
<P><STRONG><a name="[6]"></a>MIL_STD_1553B2_IRQHandler</STRONG> (Thumb, 2 bytes, Stack size 0 bytes, startup_mdr1986ve1t.o(.text))
<BR><BR>[Calls]<UL><LI><a href="#[6]">&gt;&gt;</a>&nbsp;&nbsp;&nbsp;MIL_STD_1553B2_IRQHandler
</UL>
<BR>[Called By]<UL><LI><a href="#[6]">&gt;&gt;</a>&nbsp;&nbsp;&nbsp;MIL_STD_1553B2_IRQHandler
</UL>
<BR>[Address Reference Count : 1]<UL><LI> startup_mdr1986ve1t.o(RESET)
</UL>
<P><STRONG><a name="[7]"></a>MIL_STD_1553B1_IRQHandler</STRONG> (Thumb, 2 bytes, Stack size 0 bytes, startup_mdr1986ve1t.o(.text))
<BR><BR>[Calls]<UL><LI><a href="#[7]">&gt;&gt;</a>&nbsp;&nbsp;&nbsp;MIL_STD_1553B1_IRQHandler
</UL>
<BR>[Called By]<UL><LI><a href="#[7]">&gt;&gt;</a>&nbsp;&nbsp;&nbsp;MIL_STD_1553B1_IRQHandler
</UL>
<BR>[Address Reference Count : 1]<UL><LI> startup_mdr1986ve1t.o(RESET)
</UL>
<P><STRONG><a name="[8]"></a>USB_IRQHandler</STRONG> (Thumb, 2 bytes, Stack size 0 bytes, startup_mdr1986ve1t.o(.text))
<BR><BR>[Calls]<UL><LI><a href="#[8]">&gt;&gt;</a>&nbsp;&nbsp;&nbsp;USB_IRQHandler
</UL>
<BR>[Called By]<UL><LI><a href="#[8]">&gt;&gt;</a>&nbsp;&nbsp;&nbsp;USB_IRQHandler
</UL>
<BR>[Address Reference Count : 1]<UL><LI> startup_mdr1986ve1t.o(RESET)
</UL>
<P><STRONG><a name="[9]"></a>CAN1_IRQHandler</STRONG> (Thumb, 2 bytes, Stack size 0 bytes, startup_mdr1986ve1t.o(.text))
<BR><BR>[Calls]<UL><LI><a href="#[9]">&gt;&gt;</a>&nbsp;&nbsp;&nbsp;CAN1_IRQHandler
</UL>
<BR>[Called By]<UL><LI><a href="#[9]">&gt;&gt;</a>&nbsp;&nbsp;&nbsp;CAN1_IRQHandler
</UL>
<BR>[Address Reference Count : 1]<UL><LI> startup_mdr1986ve1t.o(RESET)
</UL>
<P><STRONG><a name="[a]"></a>CAN2_IRQHandler</STRONG> (Thumb, 2 bytes, Stack size 0 bytes, startup_mdr1986ve1t.o(.text))
<BR><BR>[Calls]<UL><LI><a href="#[a]">&gt;&gt;</a>&nbsp;&nbsp;&nbsp;CAN2_IRQHandler
</UL>
<BR>[Called By]<UL><LI><a href="#[a]">&gt;&gt;</a>&nbsp;&nbsp;&nbsp;CAN2_IRQHandler
</UL>
<BR>[Address Reference Count : 1]<UL><LI> startup_mdr1986ve1t.o(RESET)
</UL>
<P><STRONG><a name="[b]"></a>DMA_IRQHandler</STRONG> (Thumb, 2 bytes, Stack size 0 bytes, startup_mdr1986ve1t.o(.text))
<BR><BR>[Calls]<UL><LI><a href="#[b]">&gt;&gt;</a>&nbsp;&nbsp;&nbsp;DMA_IRQHandler
</UL>
<BR>[Called By]<UL><LI><a href="#[b]">&gt;&gt;</a>&nbsp;&nbsp;&nbsp;DMA_IRQHandler
</UL>
<BR>[Address Reference Count : 1]<UL><LI> startup_mdr1986ve1t.o(RESET)
</UL>
<P><STRONG><a name="[c]"></a>UART1_IRQHandler</STRONG> (Thumb, 2 bytes, Stack size 0 bytes, startup_mdr1986ve1t.o(.text))
<BR><BR>[Calls]<UL><LI><a href="#[c]">&gt;&gt;</a>&nbsp;&nbsp;&nbsp;UART1_IRQHandler
</UL>
<BR>[Called By]<UL><LI><a href="#[c]">&gt;&gt;</a>&nbsp;&nbsp;&nbsp;UART1_IRQHandler
</UL>
<BR>[Address Reference Count : 1]<UL><LI> startup_mdr1986ve1t.o(RESET)
</UL>
<P><STRONG><a name="[d]"></a>UART2_IRQHandler</STRONG> (Thumb, 2 bytes, Stack size 0 bytes, startup_mdr1986ve1t.o(.text))
<BR><BR>[Calls]<UL><LI><a href="#[d]">&gt;&gt;</a>&nbsp;&nbsp;&nbsp;UART2_IRQHandler
</UL>
<BR>[Called By]<UL><LI><a href="#[d]">&gt;&gt;</a>&nbsp;&nbsp;&nbsp;UART2_IRQHandler
</UL>
<BR>[Address Reference Count : 1]<UL><LI> startup_mdr1986ve1t.o(RESET)
</UL>
<P><STRONG><a name="[e]"></a>SSP1_IRQHandler</STRONG> (Thumb, 2 bytes, Stack size 0 bytes, startup_mdr1986ve1t.o(.text))
<BR><BR>[Calls]<UL><LI><a href="#[e]">&gt;&gt;</a>&nbsp;&nbsp;&nbsp;SSP1_IRQHandler
</UL>
<BR>[Called By]<UL><LI><a href="#[e]">&gt;&gt;</a>&nbsp;&nbsp;&nbsp;SSP1_IRQHandler
</UL>
<BR>[Address Reference Count : 1]<UL><LI> startup_mdr1986ve1t.o(RESET)
</UL>
<P><STRONG><a name="[f]"></a>BUSY_IRQHandler</STRONG> (Thumb, 2 bytes, Stack size 0 bytes, startup_mdr1986ve1t.o(.text))
<BR><BR>[Calls]<UL><LI><a href="#[f]">&gt;&gt;</a>&nbsp;&nbsp;&nbsp;BUSY_IRQHandler
</UL>
<BR>[Called By]<UL><LI><a href="#[f]">&gt;&gt;</a>&nbsp;&nbsp;&nbsp;BUSY_IRQHandler
</UL>
<BR>[Address Reference Count : 1]<UL><LI> startup_mdr1986ve1t.o(RESET)
</UL>
<P><STRONG><a name="[10]"></a>ARINC429R_IRQHandler</STRONG> (Thumb, 2 bytes, Stack size 0 bytes, startup_mdr1986ve1t.o(.text))
<BR><BR>[Calls]<UL><LI><a href="#[10]">&gt;&gt;</a>&nbsp;&nbsp;&nbsp;ARINC429R_IRQHandler
</UL>
<BR>[Called By]<UL><LI><a href="#[10]">&gt;&gt;</a>&nbsp;&nbsp;&nbsp;ARINC429R_IRQHandler
</UL>
<BR>[Address Reference Count : 1]<UL><LI> startup_mdr1986ve1t.o(RESET)
</UL>
<P><STRONG><a name="[11]"></a>POWER_IRQHandler</STRONG> (Thumb, 2 bytes, Stack size 0 bytes, startup_mdr1986ve1t.o(.text))
<BR><BR>[Calls]<UL><LI><a href="#[11]">&gt;&gt;</a>&nbsp;&nbsp;&nbsp;POWER_IRQHandler
</UL>
<BR>[Called By]<UL><LI><a href="#[11]">&gt;&gt;</a>&nbsp;&nbsp;&nbsp;POWER_IRQHandler
</UL>
<BR>[Address Reference Count : 1]<UL><LI> startup_mdr1986ve1t.o(RESET)
</UL>
<P><STRONG><a name="[12]"></a>WWDG_IRQHandler</STRONG> (Thumb, 2 bytes, Stack size 0 bytes, startup_mdr1986ve1t.o(.text))
<BR><BR>[Calls]<UL><LI><a href="#[12]">&gt;&gt;</a>&nbsp;&nbsp;&nbsp;WWDG_IRQHandler
</UL>
<BR>[Called By]<UL><LI><a href="#[12]">&gt;&gt;</a>&nbsp;&nbsp;&nbsp;WWDG_IRQHandler
</UL>
<BR>[Address Reference Count : 1]<UL><LI> startup_mdr1986ve1t.o(RESET)
</UL>
<P><STRONG><a name="[13]"></a>TIMER4_IRQHandler</STRONG> (Thumb, 2 bytes, Stack size 0 bytes, startup_mdr1986ve1t.o(.text))
<BR><BR>[Calls]<UL><LI><a href="#[13]">&gt;&gt;</a>&nbsp;&nbsp;&nbsp;TIMER4_IRQHandler
</UL>
<BR>[Called By]<UL><LI><a href="#[13]">&gt;&gt;</a>&nbsp;&nbsp;&nbsp;TIMER4_IRQHandler
</UL>
<BR>[Address Reference Count : 1]<UL><LI> startup_mdr1986ve1t.o(RESET)
</UL>
<P><STRONG><a name="[14]"></a>TIMER1_IRQHandler</STRONG> (Thumb, 2 bytes, Stack size 0 bytes, startup_mdr1986ve1t.o(.text))
<BR><BR>[Calls]<UL><LI><a href="#[14]">&gt;&gt;</a>&nbsp;&nbsp;&nbsp;TIMER1_IRQHandler
</UL>
<BR>[Called By]<UL><LI><a href="#[14]">&gt;&gt;</a>&nbsp;&nbsp;&nbsp;TIMER1_IRQHandler
</UL>
<BR>[Address Reference Count : 1]<UL><LI> startup_mdr1986ve1t.o(RESET)
</UL>
<P><STRONG><a name="[16]"></a>TIMER3_IRQHandler</STRONG> (Thumb, 2 bytes, Stack size 0 bytes, startup_mdr1986ve1t.o(.text))
<BR><BR>[Calls]<UL><LI><a href="#[16]">&gt;&gt;</a>&nbsp;&nbsp;&nbsp;TIMER3_IRQHandler
</UL>
<BR>[Called By]<UL><LI><a href="#[16]">&gt;&gt;</a>&nbsp;&nbsp;&nbsp;TIMER3_IRQHandler
</UL>
<BR>[Address Reference Count : 1]<UL><LI> startup_mdr1986ve1t.o(RESET)
</UL>
<P><STRONG><a name="[19]"></a>SSP3_IRQHandler</STRONG> (Thumb, 2 bytes, Stack size 0 bytes, startup_mdr1986ve1t.o(.text))
<BR><BR>[Calls]<UL><LI><a href="#[19]">&gt;&gt;</a>&nbsp;&nbsp;&nbsp;SSP3_IRQHandler
</UL>
<BR>[Called By]<UL><LI><a href="#[19]">&gt;&gt;</a>&nbsp;&nbsp;&nbsp;SSP3_IRQHandler
</UL>
<BR>[Address Reference Count : 1]<UL><LI> startup_mdr1986ve1t.o(RESET)
</UL>
<P><STRONG><a name="[1a]"></a>SSP2_IRQHandler</STRONG> (Thumb, 2 bytes, Stack size 0 bytes, startup_mdr1986ve1t.o(.text))
<BR><BR>[Calls]<UL><LI><a href="#[1a]">&gt;&gt;</a>&nbsp;&nbsp;&nbsp;SSP2_IRQHandler
</UL>
<BR>[Called By]<UL><LI><a href="#[1a]">&gt;&gt;</a>&nbsp;&nbsp;&nbsp;SSP2_IRQHandler
</UL>
<BR>[Address Reference Count : 1]<UL><LI> startup_mdr1986ve1t.o(RESET)
</UL>
<P><STRONG><a name="[1b]"></a>ARINC429T1_IRQHandler</STRONG> (Thumb, 2 bytes, Stack size 0 bytes, startup_mdr1986ve1t.o(.text))
<BR><BR>[Calls]<UL><LI><a href="#[1b]">&gt;&gt;</a>&nbsp;&nbsp;&nbsp;ARINC429T1_IRQHandler
</UL>
<BR>[Called By]<UL><LI><a href="#[1b]">&gt;&gt;</a>&nbsp;&nbsp;&nbsp;ARINC429T1_IRQHandler
</UL>
<BR>[Address Reference Count : 1]<UL><LI> startup_mdr1986ve1t.o(RESET)
</UL>
<P><STRONG><a name="[1c]"></a>ARINC429T2_IRQHandler</STRONG> (Thumb, 2 bytes, Stack size 0 bytes, startup_mdr1986ve1t.o(.text))
<BR><BR>[Calls]<UL><LI><a href="#[1c]">&gt;&gt;</a>&nbsp;&nbsp;&nbsp;ARINC429T2_IRQHandler
</UL>
<BR>[Called By]<UL><LI><a href="#[1c]">&gt;&gt;</a>&nbsp;&nbsp;&nbsp;ARINC429T2_IRQHandler
</UL>
<BR>[Address Reference Count : 1]<UL><LI> startup_mdr1986ve1t.o(RESET)
</UL>
<P><STRONG><a name="[1d]"></a>ARINC429T3_IRQHandler</STRONG> (Thumb, 2 bytes, Stack size 0 bytes, startup_mdr1986ve1t.o(.text))
<BR><BR>[Calls]<UL><LI><a href="#[1d]">&gt;&gt;</a>&nbsp;&nbsp;&nbsp;ARINC429T3_IRQHandler
</UL>
<BR>[Called By]<UL><LI><a href="#[1d]">&gt;&gt;</a>&nbsp;&nbsp;&nbsp;ARINC429T3_IRQHandler
</UL>
<BR>[Address Reference Count : 1]<UL><LI> startup_mdr1986ve1t.o(RESET)
</UL>
<P><STRONG><a name="[1e]"></a>ARINC429T4_IRQHandler</STRONG> (Thumb, 2 bytes, Stack size 0 bytes, startup_mdr1986ve1t.o(.text))
<BR><BR>[Calls]<UL><LI><a href="#[1e]">&gt;&gt;</a>&nbsp;&nbsp;&nbsp;ARINC429T4_IRQHandler
</UL>
<BR>[Called By]<UL><LI><a href="#[1e]">&gt;&gt;</a>&nbsp;&nbsp;&nbsp;ARINC429T4_IRQHandler
</UL>
<BR>[Address Reference Count : 1]<UL><LI> startup_mdr1986ve1t.o(RESET)
</UL>
<P><STRONG><a name="[1f]"></a>BKP_IRQHandler</STRONG> (Thumb, 2 bytes, Stack size 0 bytes, startup_mdr1986ve1t.o(.text))
<BR><BR>[Calls]<UL><LI><a href="#[1f]">&gt;&gt;</a>&nbsp;&nbsp;&nbsp;BKP_IRQHandler
</UL>
<BR>[Called By]<UL><LI><a href="#[1f]">&gt;&gt;</a>&nbsp;&nbsp;&nbsp;BKP_IRQHandler
</UL>
<BR>[Address Reference Count : 1]<UL><LI> startup_mdr1986ve1t.o(RESET)
</UL>
<P><STRONG><a name="[20]"></a>EXT_INT1_IRQHandler</STRONG> (Thumb, 2 bytes, Stack size 0 bytes, startup_mdr1986ve1t.o(.text))
<BR><BR>[Calls]<UL><LI><a href="#[20]">&gt;&gt;</a>&nbsp;&nbsp;&nbsp;EXT_INT1_IRQHandler
</UL>
<BR>[Called By]<UL><LI><a href="#[20]">&gt;&gt;</a>&nbsp;&nbsp;&nbsp;EXT_INT1_IRQHandler
</UL>
<BR>[Address Reference Count : 1]<UL><LI> startup_mdr1986ve1t.o(RESET)
</UL>
<P><STRONG><a name="[21]"></a>EXT_INT2_IRQHandler</STRONG> (Thumb, 2 bytes, Stack size 0 bytes, startup_mdr1986ve1t.o(.text))
<BR><BR>[Calls]<UL><LI><a href="#[21]">&gt;&gt;</a>&nbsp;&nbsp;&nbsp;EXT_INT2_IRQHandler
</UL>
<BR>[Called By]<UL><LI><a href="#[21]">&gt;&gt;</a>&nbsp;&nbsp;&nbsp;EXT_INT2_IRQHandler
</UL>
<BR>[Address Reference Count : 1]<UL><LI> startup_mdr1986ve1t.o(RESET)
</UL>
<P><STRONG><a name="[22]"></a>EXT_INT3_IRQHandler</STRONG> (Thumb, 2 bytes, Stack size 0 bytes, startup_mdr1986ve1t.o(.text))
<BR><BR>[Calls]<UL><LI><a href="#[22]">&gt;&gt;</a>&nbsp;&nbsp;&nbsp;EXT_INT3_IRQHandler
</UL>
<BR>[Called By]<UL><LI><a href="#[22]">&gt;&gt;</a>&nbsp;&nbsp;&nbsp;EXT_INT3_IRQHandler
</UL>
<BR>[Address Reference Count : 1]<UL><LI> startup_mdr1986ve1t.o(RESET)
</UL>
<P><STRONG><a name="[23]"></a>EXT_INT4_IRQHandler</STRONG> (Thumb, 2 bytes, Stack size 0 bytes, startup_mdr1986ve1t.o(.text))
<BR><BR>[Calls]<UL><LI><a href="#[23]">&gt;&gt;</a>&nbsp;&nbsp;&nbsp;EXT_INT4_IRQHandler
</UL>
<BR>[Called By]<UL><LI><a href="#[23]">&gt;&gt;</a>&nbsp;&nbsp;&nbsp;EXT_INT4_IRQHandler
</UL>
<BR>[Address Reference Count : 1]<UL><LI> startup_mdr1986ve1t.o(RESET)
</UL>
<P><STRONG><a name="[3a]"></a>__user_initial_stackheap</STRONG> (Thumb, 0 bytes, Stack size unknown bytes, startup_mdr1986ve1t.o(.text))
<BR><BR>[Called By]<UL><LI><a href="#[2a]">&gt;&gt;</a>&nbsp;&nbsp;&nbsp;__user_setup_stackheap
</UL>

<P><STRONG><a name="[34]"></a>__aeabi_memcpy</STRONG> (Thumb, 130 bytes, Stack size 24 bytes, rt_memcpy.o(.text))
<BR><BR>[Stack]<UL><LI>Max Depth = 24<LI>Call Chain = __aeabi_memcpy
</UL>
<BR>[Calls]<UL><LI><a href="#[35]">&gt;&gt;</a>&nbsp;&nbsp;&nbsp;__aeabi_memcpy4
</UL>
<BR>[Called By]<UL><LI><a href="#[74]">&gt;&gt;</a>&nbsp;&nbsp;&nbsp;udp
<LI><a href="#[71]">&gt;&gt;</a>&nbsp;&nbsp;&nbsp;icmp
<LI><a href="#[6b]">&gt;&gt;</a>&nbsp;&nbsp;&nbsp;arp
</UL>

<P><STRONG><a name="[c1]"></a>__rt_memcpy</STRONG> (Thumb, 0 bytes, Stack size 24 bytes, rt_memcpy.o(.text), UNUSED)

<P><STRONG><a name="[c2]"></a>__use_two_region_memory</STRONG> (Thumb, 2 bytes, Stack size 0 bytes, heapauxi.o(.text), UNUSED)

<P><STRONG><a name="[c3]"></a>__rt_heap_escrow$2region</STRONG> (Thumb, 2 bytes, Stack size 0 bytes, heapauxi.o(.text), UNUSED)

<P><STRONG><a name="[c4]"></a>__rt_heap_expand$2region</STRONG> (Thumb, 2 bytes, Stack size 0 bytes, heapauxi.o(.text), UNUSED)

<P><STRONG><a name="[43]"></a>__aeabi_d2f</STRONG> (Thumb, 0 bytes, Stack size 12 bytes, d2f.o(.text))
<BR><BR>[Stack]<UL><LI>Max Depth = 12<LI>Call Chain = __aeabi_d2f
</UL>
<BR>[Called By]<UL><LI><a href="#[17]">&gt;&gt;</a>&nbsp;&nbsp;&nbsp;ADC_IRQHandler
</UL>

<P><STRONG><a name="[c5]"></a>_d2f</STRONG> (Thumb, 120 bytes, Stack size 12 bytes, d2f.o(.text), UNUSED)

<P><STRONG><a name="[42]"></a>__aeabi_dmul</STRONG> (Thumb, 0 bytes, Stack size 56 bytes, dmul.o(.text))
<BR><BR>[Stack]<UL><LI>Max Depth = 56<LI>Call Chain = __aeabi_dmul
</UL>
<BR>[Called By]<UL><LI><a href="#[17]">&gt;&gt;</a>&nbsp;&nbsp;&nbsp;ADC_IRQHandler
</UL>

<P><STRONG><a name="[c6]"></a>_dmul</STRONG> (Thumb, 558 bytes, Stack size 56 bytes, dmul.o(.text), UNUSED)

<P><STRONG><a name="[41]"></a>__aeabi_f2d</STRONG> (Thumb, 0 bytes, Stack size 0 bytes, f2d.o(.text))
<BR><BR>[Called By]<UL><LI><a href="#[17]">&gt;&gt;</a>&nbsp;&nbsp;&nbsp;ADC_IRQHandler
</UL>

<P><STRONG><a name="[c7]"></a>_f2d</STRONG> (Thumb, 80 bytes, Stack size 0 bytes, f2d.o(.text), UNUSED)

<P><STRONG><a name="[44]"></a>__aeabi_f2iz</STRONG> (Thumb, 0 bytes, Stack size 8 bytes, ffixi.o(.text))
<BR><BR>[Stack]<UL><LI>Max Depth = 8<LI>Call Chain = __aeabi_f2iz
</UL>
<BR>[Called By]<UL><LI><a href="#[17]">&gt;&gt;</a>&nbsp;&nbsp;&nbsp;ADC_IRQHandler
</UL>

<P><STRONG><a name="[c8]"></a>_ffix</STRONG> (Thumb, 76 bytes, Stack size 8 bytes, ffixi.o(.text), UNUSED)

<P><STRONG><a name="[37]"></a>__aeabi_i2f_normalise</STRONG> (Thumb, 72 bytes, Stack size 0 bytes, fflti.o(.text))
<BR><BR>[Called By]<UL><LI><a href="#[38]">&gt;&gt;</a>&nbsp;&nbsp;&nbsp;__aeabi_ui2f
<LI><a href="#[36]">&gt;&gt;</a>&nbsp;&nbsp;&nbsp;__aeabi_i2f
</UL>

<P><STRONG><a name="[36]"></a>__aeabi_i2f</STRONG> (Thumb, 16 bytes, Stack size 0 bytes, fflti.o(.text), UNUSED)
<BR><BR>[Calls]<UL><LI><a href="#[37]">&gt;&gt;</a>&nbsp;&nbsp;&nbsp;__aeabi_i2f_normalise
</UL>

<P><STRONG><a name="[c9]"></a>_fflt</STRONG> (Thumb, 0 bytes, Stack size 0 bytes, fflti.o(.text), UNUSED)

<P><STRONG><a name="[38]"></a>__aeabi_ui2f</STRONG> (Thumb, 6 bytes, Stack size 0 bytes, fflti.o(.text))
<BR><BR>[Calls]<UL><LI><a href="#[37]">&gt;&gt;</a>&nbsp;&nbsp;&nbsp;__aeabi_i2f_normalise
</UL>
<BR>[Called By]<UL><LI><a href="#[17]">&gt;&gt;</a>&nbsp;&nbsp;&nbsp;ADC_IRQHandler
</UL>

<P><STRONG><a name="[ca]"></a>_ffltu</STRONG> (Thumb, 0 bytes, Stack size 0 bytes, fflti.o(.text), UNUSED)

<P><STRONG><a name="[2a]"></a>__user_setup_stackheap</STRONG> (Thumb, 62 bytes, Stack size 8 bytes, sys_stackheap_outer.o(.text))
<BR><BR>[Stack]<UL><LI>Max Depth = 8 + Unknown Stack Size
<LI>Call Chain = __user_setup_stackheap
</UL>
<BR>[Calls]<UL><LI><a href="#[3a]">&gt;&gt;</a>&nbsp;&nbsp;&nbsp;__user_initial_stackheap
<LI><a href="#[39]">&gt;&gt;</a>&nbsp;&nbsp;&nbsp;__user_perproc_libspace
</UL>
<BR>[Called By]<UL><LI><a href="#[29]">&gt;&gt;</a>&nbsp;&nbsp;&nbsp;__rt_entry_sh
</UL>

<P><STRONG><a name="[2f]"></a>exit</STRONG> (Thumb, 16 bytes, Stack size 8 bytes, exit.o(.text))
<BR><BR>[Stack]<UL><LI>Max Depth = 8 + Unknown Stack Size
<LI>Call Chain = exit
</UL>
<BR>[Calls]<UL><LI><a href="#[3c]">&gt;&gt;</a>&nbsp;&nbsp;&nbsp;__rt_exit
<LI><a href="#[3b]">&gt;&gt;</a>&nbsp;&nbsp;&nbsp;_call_atexit_fns (Weak Reference)
</UL>
<BR>[Called By]<UL><LI><a href="#[2d]">&gt;&gt;</a>&nbsp;&nbsp;&nbsp;__rt_entry_main
</UL>

<P><STRONG><a name="[cb]"></a>__user_libspace</STRONG> (Thumb, 8 bytes, Stack size 0 bytes, libspace.o(.text), UNUSED)

<P><STRONG><a name="[39]"></a>__user_perproc_libspace</STRONG> (Thumb, 0 bytes, Stack size 0 bytes, libspace.o(.text))
<BR><BR>[Called By]<UL><LI><a href="#[2a]">&gt;&gt;</a>&nbsp;&nbsp;&nbsp;__user_setup_stackheap
</UL>

<P><STRONG><a name="[cc]"></a>__user_perthread_libspace</STRONG> (Thumb, 0 bytes, Stack size 0 bytes, libspace.o(.text), UNUSED)

<P><STRONG><a name="[33]"></a>_sys_exit</STRONG> (Thumb, 8 bytes, Stack size 0 bytes, sys_exit.o(.text))
<BR><BR>[Called By]<UL><LI><a href="#[32]">&gt;&gt;</a>&nbsp;&nbsp;&nbsp;__rt_exit_exit
</UL>

<P><STRONG><a name="[cd]"></a>__I$use$semihosting</STRONG> (Thumb, 0 bytes, Stack size 0 bytes, use_no_semi.o(.text), UNUSED)

<P><STRONG><a name="[ce]"></a>__use_no_semihosting_swi</STRONG> (Thumb, 2 bytes, Stack size 0 bytes, use_no_semi.o(.text), UNUSED)

<P><STRONG><a name="[cf]"></a>__decompress</STRONG> (Thumb, 0 bytes, Stack size unknown bytes, __dczerorl.o(.text), UNUSED)

<P><STRONG><a name="[d0]"></a>__decompress0</STRONG> (Thumb, 58 bytes, Stack size unknown bytes, __dczerorl.o(.text), UNUSED)

<P><STRONG><a name="[d1]"></a>__semihosting_library_function</STRONG> (Thumb, 0 bytes, Stack size unknown bytes, indicate_semi.o(.text), UNUSED)

<P><STRONG><a name="[47]"></a>ADC1_Cmd</STRONG> (Thumb, 20 bytes, Stack size 0 bytes, mdr32f9qx_adc.o(.text.ADC1_Cmd))
<BR><BR>[Called By]<UL><LI><a href="#[79]">&gt;&gt;</a>&nbsp;&nbsp;&nbsp;set_adc
<LI><a href="#[17]">&gt;&gt;</a>&nbsp;&nbsp;&nbsp;ADC_IRQHandler
</UL>

<P><STRONG><a name="[3d]"></a>ADC1_GetITStatus</STRONG> (Thumb, 20 bytes, Stack size 0 bytes, mdr32f9qx_adc.o(.text.ADC1_GetITStatus))
<BR><BR>[Called By]<UL><LI><a href="#[17]">&gt;&gt;</a>&nbsp;&nbsp;&nbsp;ADC_IRQHandler
</UL>

<P><STRONG><a name="[3f]"></a>ADC1_GetResult</STRONG> (Thumb, 8 bytes, Stack size 0 bytes, mdr32f9qx_adc.o(.text.ADC1_GetResult))
<BR><BR>[Called By]<UL><LI><a href="#[17]">&gt;&gt;</a>&nbsp;&nbsp;&nbsp;ADC_IRQHandler
</UL>

<P><STRONG><a name="[7d]"></a>ADC1_ITConfig</STRONG> (Thumb, 24 bytes, Stack size 0 bytes, mdr32f9qx_adc.o(.text.ADC1_ITConfig))
<BR><BR>[Called By]<UL><LI><a href="#[79]">&gt;&gt;</a>&nbsp;&nbsp;&nbsp;set_adc
</UL>

<P><STRONG><a name="[7b]"></a>ADC1_Init</STRONG> (Thumb, 80 bytes, Stack size 8 bytes, mdr32f9qx_adc.o(.text.ADC1_Init))
<BR><BR>[Stack]<UL><LI>Max Depth = 8<LI>Call Chain = ADC1_Init
</UL>
<BR>[Called By]<UL><LI><a href="#[79]">&gt;&gt;</a>&nbsp;&nbsp;&nbsp;set_adc
</UL>

<P><STRONG><a name="[49]"></a>ADC1_Start</STRONG> (Thumb, 12 bytes, Stack size 0 bytes, mdr32f9qx_adc.o(.text.ADC1_Start))
<BR><BR>[Called By]<UL><LI><a href="#[17]">&gt;&gt;</a>&nbsp;&nbsp;&nbsp;ADC_IRQHandler
</UL>

<P><STRONG><a name="[17]"></a>ADC_IRQHandler</STRONG> (Thumb, 168 bytes, Stack size 24 bytes, main.o(.text.ADC_IRQHandler))
<BR><BR>[Stack]<UL><LI>Max Depth = 80<LI>Call Chain = ADC_IRQHandler &rArr; __aeabi_dmul
</UL>
<BR>[Calls]<UL><LI><a href="#[38]">&gt;&gt;</a>&nbsp;&nbsp;&nbsp;__aeabi_ui2f
<LI><a href="#[44]">&gt;&gt;</a>&nbsp;&nbsp;&nbsp;__aeabi_f2iz
<LI><a href="#[41]">&gt;&gt;</a>&nbsp;&nbsp;&nbsp;__aeabi_f2d
<LI><a href="#[42]">&gt;&gt;</a>&nbsp;&nbsp;&nbsp;__aeabi_dmul
<LI><a href="#[43]">&gt;&gt;</a>&nbsp;&nbsp;&nbsp;__aeabi_d2f
<LI><a href="#[45]">&gt;&gt;</a>&nbsp;&nbsp;&nbsp;switch_byte
<LI><a href="#[3e]">&gt;&gt;</a>&nbsp;&nbsp;&nbsp;PORT_SetBits
<LI><a href="#[48]">&gt;&gt;</a>&nbsp;&nbsp;&nbsp;PORT_ResetBits
<LI><a href="#[49]">&gt;&gt;</a>&nbsp;&nbsp;&nbsp;ADC1_Start
<LI><a href="#[3f]">&gt;&gt;</a>&nbsp;&nbsp;&nbsp;ADC1_GetResult
<LI><a href="#[3d]">&gt;&gt;</a>&nbsp;&nbsp;&nbsp;ADC1_GetITStatus
<LI><a href="#[47]">&gt;&gt;</a>&nbsp;&nbsp;&nbsp;ADC1_Cmd
<LI><a href="#[46]">&gt;&gt;</a>&nbsp;&nbsp;&nbsp;NVIC_DisableIRQ
<LI><a href="#[4a]">&gt;&gt;</a>&nbsp;&nbsp;&nbsp;NVIC_ClearPendingIRQ
<LI><a href="#[40]">&gt;&gt;</a>&nbsp;&nbsp;&nbsp;__aeabi_fmul
</UL>
<BR>[Address Reference Count : 1]<UL><LI> startup_mdr1986ve1t.o(RESET)
</UL>
<P><STRONG><a name="[7c]"></a>ADC_StructInit</STRONG> (Thumb, 16 bytes, Stack size 0 bytes, mdr32f9qx_adc.o(.text.ADC_StructInit))
<BR><BR>[Called By]<UL><LI><a href="#[79]">&gt;&gt;</a>&nbsp;&nbsp;&nbsp;set_adc
</UL>

<P><STRONG><a name="[51]"></a>DMA_Cmd</STRONG> (Thumb, 20 bytes, Stack size 0 bytes, mdr32f9qx_dma.o(.text.DMA_Cmd))
<BR><BR>[Called By]<UL><LI><a href="#[53]">&gt;&gt;</a>&nbsp;&nbsp;&nbsp;ETH_DMAFrameTx
<LI><a href="#[50]">&gt;&gt;</a>&nbsp;&nbsp;&nbsp;ETH_DMAFrameRx
</UL>

<P><STRONG><a name="[4e]"></a>DMA_CtrlDataInit</STRONG> (Thumb, 96 bytes, Stack size 16 bytes, mdr32f9qx_dma.o(.text.DMA_CtrlDataInit))
<BR><BR>[Stack]<UL><LI>Max Depth = 16<LI>Call Chain = DMA_CtrlDataInit
</UL>
<BR>[Called By]<UL><LI><a href="#[4d]">&gt;&gt;</a>&nbsp;&nbsp;&nbsp;DMA_Init
</UL>

<P><STRONG><a name="[4b]"></a>DMA_DeInit</STRONG> (Thumb, 40 bytes, Stack size 8 bytes, mdr32f9qx_dma.o(.text.DMA_DeInit))
<BR><BR>[Stack]<UL><LI>Max Depth = 8<LI>Call Chain = DMA_DeInit
</UL>
<BR>[Calls]<UL><LI><a href="#[4c]">&gt;&gt;</a>&nbsp;&nbsp;&nbsp;NVIC_ClearPendingIRQ
</UL>
<BR>[Called By]<UL><LI><a href="#[54]">&gt;&gt;</a>&nbsp;&nbsp;&nbsp;ETH_DMAPrepare
</UL>

<P><STRONG><a name="[4d]"></a>DMA_Init</STRONG> (Thumb, 96 bytes, Stack size 16 bytes, mdr32f9qx_dma.o(.text.DMA_Init))
<BR><BR>[Stack]<UL><LI>Max Depth = 32<LI>Call Chain = DMA_Init &rArr; DMA_CtrlDataInit
</UL>
<BR>[Calls]<UL><LI><a href="#[4e]">&gt;&gt;</a>&nbsp;&nbsp;&nbsp;DMA_CtrlDataInit
</UL>
<BR>[Called By]<UL><LI><a href="#[54]">&gt;&gt;</a>&nbsp;&nbsp;&nbsp;ETH_DMAPrepare
</UL>

<P><STRONG><a name="[52]"></a>DMA_Request</STRONG> (Thumb, 12 bytes, Stack size 0 bytes, mdr32f9qx_dma.o(.text.DMA_Request))
<BR><BR>[Called By]<UL><LI><a href="#[53]">&gt;&gt;</a>&nbsp;&nbsp;&nbsp;ETH_DMAFrameTx
<LI><a href="#[50]">&gt;&gt;</a>&nbsp;&nbsp;&nbsp;ETH_DMAFrameRx
</UL>

<P><STRONG><a name="[56]"></a>DMA_StructInit</STRONG> (Thumb, 14 bytes, Stack size 0 bytes, mdr32f9qx_dma.o(.text.DMA_StructInit))
<BR><BR>[Called By]<UL><LI><a href="#[54]">&gt;&gt;</a>&nbsp;&nbsp;&nbsp;ETH_DMAPrepare
</UL>

<P><STRONG><a name="[18]"></a>ETHERNET_IRQHandler</STRONG> (Thumb, 32 bytes, Stack size 8 bytes, main.o(.text.ETHERNET_IRQHandler))
<BR><BR>[Stack]<UL><LI>Max Depth = 8<LI>Call Chain = ETHERNET_IRQHandler
</UL>
<BR>[Calls]<UL><LI><a href="#[4f]">&gt;&gt;</a>&nbsp;&nbsp;&nbsp;ETH_GetMACITStatus
<LI><a href="#[4a]">&gt;&gt;</a>&nbsp;&nbsp;&nbsp;NVIC_ClearPendingIRQ
</UL>
<BR>[Address Reference Count : 1]<UL><LI> startup_mdr1986ve1t.o(RESET)
</UL>
<P><STRONG><a name="[8b]"></a>ETH_BRGInit</STRONG> (Thumb, 16 bytes, Stack size 0 bytes, mdr32f9qx_eth.o(.text.ETH_BRGInit))
<BR><BR>[Called By]<UL><LI><a href="#[75]">&gt;&gt;</a>&nbsp;&nbsp;&nbsp;set_clk
</UL>

<P><STRONG><a name="[8c]"></a>ETH_ClockCMD</STRONG> (Thumb, 24 bytes, Stack size 0 bytes, mdr32f9qx_eth.o(.text.ETH_ClockCMD))
<BR><BR>[Called By]<UL><LI><a href="#[75]">&gt;&gt;</a>&nbsp;&nbsp;&nbsp;set_clk
</UL>

<P><STRONG><a name="[89]"></a>ETH_ClockDeInit</STRONG> (Thumb, 12 bytes, Stack size 0 bytes, mdr32f9qx_eth.o(.text.ETH_ClockDeInit))
<BR><BR>[Called By]<UL><LI><a href="#[75]">&gt;&gt;</a>&nbsp;&nbsp;&nbsp;set_clk
</UL>

<P><STRONG><a name="[50]"></a>ETH_DMAFrameRx</STRONG> (Thumb, 76 bytes, Stack size 16 bytes, mdr32f9qx_eth.o(.text.ETH_DMAFrameRx))
<BR><BR>[Stack]<UL><LI>Max Depth = 16<LI>Call Chain = ETH_DMAFrameRx
</UL>
<BR>[Calls]<UL><LI><a href="#[52]">&gt;&gt;</a>&nbsp;&nbsp;&nbsp;DMA_Request
<LI><a href="#[51]">&gt;&gt;</a>&nbsp;&nbsp;&nbsp;DMA_Cmd
</UL>
<BR>[Called By]<UL><LI><a href="#[5b]">&gt;&gt;</a>&nbsp;&nbsp;&nbsp;ETH_ReceivedFrame
</UL>

<P><STRONG><a name="[53]"></a>ETH_DMAFrameTx</STRONG> (Thumb, 72 bytes, Stack size 16 bytes, mdr32f9qx_eth.o(.text.ETH_DMAFrameTx))
<BR><BR>[Stack]<UL><LI>Max Depth = 16<LI>Call Chain = ETH_DMAFrameTx
</UL>
<BR>[Calls]<UL><LI><a href="#[52]">&gt;&gt;</a>&nbsp;&nbsp;&nbsp;DMA_Request
<LI><a href="#[51]">&gt;&gt;</a>&nbsp;&nbsp;&nbsp;DMA_Cmd
</UL>
<BR>[Called By]<UL><LI><a href="#[5c]">&gt;&gt;</a>&nbsp;&nbsp;&nbsp;ETH_SendFrame
</UL>

<P><STRONG><a name="[54]"></a>ETH_DMAPrepare</STRONG> (Thumb, 56 bytes, Stack size 72 bytes, mdr32f9qx_eth.o(.text.ETH_DMAPrepare))
<BR><BR>[Stack]<UL><LI>Max Depth = 104<LI>Call Chain = ETH_DMAPrepare &rArr; DMA_Init &rArr; DMA_CtrlDataInit
</UL>
<BR>[Calls]<UL><LI><a href="#[56]">&gt;&gt;</a>&nbsp;&nbsp;&nbsp;DMA_StructInit
<LI><a href="#[4d]">&gt;&gt;</a>&nbsp;&nbsp;&nbsp;DMA_Init
<LI><a href="#[4b]">&gt;&gt;</a>&nbsp;&nbsp;&nbsp;DMA_DeInit
<LI><a href="#[55]">&gt;&gt;</a>&nbsp;&nbsp;&nbsp;RST_CLK_PCLKcmd
</UL>
<BR>[Called By]<UL><LI><a href="#[59]">&gt;&gt;</a>&nbsp;&nbsp;&nbsp;ETH_Init
</UL>

<P><STRONG><a name="[57]"></a>ETH_DeInit</STRONG> (Thumb, 88 bytes, Stack size 8 bytes, mdr32f9qx_eth.o(.text.ETH_DeInit))
<BR><BR>[Stack]<UL><LI>Max Depth = 16<LI>Call Chain = ETH_DeInit &rArr; ETH_PHY_Reset
</UL>
<BR>[Calls]<UL><LI><a href="#[58]">&gt;&gt;</a>&nbsp;&nbsp;&nbsp;ETH_PHY_Reset
</UL>
<BR>[Called By]<UL><LI><a href="#[78]">&gt;&gt;</a>&nbsp;&nbsp;&nbsp;set_ethernet
</UL>

<P><STRONG><a name="[4f]"></a>ETH_GetMACITStatus</STRONG> (Thumb, 10 bytes, Stack size 0 bytes, mdr32f9qx_eth.o(.text.ETH_GetMACITStatus))
<BR><BR>[Called By]<UL><LI><a href="#[18]">&gt;&gt;</a>&nbsp;&nbsp;&nbsp;ETHERNET_IRQHandler
</UL>

<P><STRONG><a name="[5a]"></a>ETH_GetPHYStatus</STRONG> (Thumb, 10 bytes, Stack size 0 bytes, mdr32f9qx_eth.o(.text.ETH_GetPHYStatus))
<BR><BR>[Called By]<UL><LI><a href="#[58]">&gt;&gt;</a>&nbsp;&nbsp;&nbsp;ETH_PHY_Reset
</UL>

<P><STRONG><a name="[59]"></a>ETH_Init</STRONG> (Thumb, 272 bytes, Stack size 16 bytes, mdr32f9qx_eth.o(.text.ETH_Init))
<BR><BR>[Stack]<UL><LI>Max Depth = 120<LI>Call Chain = ETH_Init &rArr; ETH_DMAPrepare &rArr; DMA_Init &rArr; DMA_CtrlDataInit
</UL>
<BR>[Calls]<UL><LI><a href="#[54]">&gt;&gt;</a>&nbsp;&nbsp;&nbsp;ETH_DMAPrepare
</UL>
<BR>[Called By]<UL><LI><a href="#[78]">&gt;&gt;</a>&nbsp;&nbsp;&nbsp;set_ethernet
</UL>

<P><STRONG><a name="[8e]"></a>ETH_MACITConfig</STRONG> (Thumb, 18 bytes, Stack size 0 bytes, mdr32f9qx_eth.o(.text.ETH_MACITConfig))
<BR><BR>[Called By]<UL><LI><a href="#[78]">&gt;&gt;</a>&nbsp;&nbsp;&nbsp;set_ethernet
</UL>

<P><STRONG><a name="[5f]"></a>ETH_MACReceptionCmd</STRONG> (Thumb, 20 bytes, Stack size 0 bytes, mdr32f9qx_eth.o(.text.ETH_MACReceptionCmd))
<BR><BR>[Called By]<UL><LI><a href="#[5d]">&gt;&gt;</a>&nbsp;&nbsp;&nbsp;ETH_Start
</UL>

<P><STRONG><a name="[5e]"></a>ETH_MACTransmissionCmd</STRONG> (Thumb, 20 bytes, Stack size 0 bytes, mdr32f9qx_eth.o(.text.ETH_MACTransmissionCmd))
<BR><BR>[Called By]<UL><LI><a href="#[5d]">&gt;&gt;</a>&nbsp;&nbsp;&nbsp;ETH_Start
</UL>

<P><STRONG><a name="[90]"></a>ETH_PHYCmd</STRONG> (Thumb, 18 bytes, Stack size 0 bytes, mdr32f9qx_eth.o(.text.ETH_PHYCmd))
<BR><BR>[Called By]<UL><LI><a href="#[78]">&gt;&gt;</a>&nbsp;&nbsp;&nbsp;set_ethernet
</UL>

<P><STRONG><a name="[8a]"></a>ETH_PHY_ClockConfig</STRONG> (Thumb, 24 bytes, Stack size 0 bytes, mdr32f9qx_eth.o(.text.ETH_PHY_ClockConfig))
<BR><BR>[Called By]<UL><LI><a href="#[75]">&gt;&gt;</a>&nbsp;&nbsp;&nbsp;set_clk
</UL>

<P><STRONG><a name="[58]"></a>ETH_PHY_Reset</STRONG> (Thumb, 26 bytes, Stack size 8 bytes, mdr32f9qx_eth.o(.text.ETH_PHY_Reset))
<BR><BR>[Stack]<UL><LI>Max Depth = 8<LI>Call Chain = ETH_PHY_Reset
</UL>
<BR>[Calls]<UL><LI><a href="#[5a]">&gt;&gt;</a>&nbsp;&nbsp;&nbsp;ETH_GetPHYStatus
</UL>
<BR>[Called By]<UL><LI><a href="#[57]">&gt;&gt;</a>&nbsp;&nbsp;&nbsp;ETH_DeInit
</UL>

<P><STRONG><a name="[5b]"></a>ETH_ReceivedFrame</STRONG> (Thumb, 356 bytes, Stack size 40 bytes, mdr32f9qx_eth.o(.text.ETH_ReceivedFrame))
<BR><BR>[Stack]<UL><LI>Max Depth = 56<LI>Call Chain = ETH_ReceivedFrame &rArr; ETH_DMAFrameRx
</UL>
<BR>[Calls]<UL><LI><a href="#[50]">&gt;&gt;</a>&nbsp;&nbsp;&nbsp;ETH_DMAFrameRx
</UL>
<BR>[Called By]<UL><LI><a href="#[70]">&gt;&gt;</a>&nbsp;&nbsp;&nbsp;get_ethernet_packet
</UL>

<P><STRONG><a name="[5c]"></a>ETH_SendFrame</STRONG> (Thumb, 248 bytes, Stack size 32 bytes, mdr32f9qx_eth.o(.text.ETH_SendFrame))
<BR><BR>[Stack]<UL><LI>Max Depth = 48<LI>Call Chain = ETH_SendFrame &rArr; ETH_DMAFrameTx
</UL>
<BR>[Calls]<UL><LI><a href="#[53]">&gt;&gt;</a>&nbsp;&nbsp;&nbsp;ETH_DMAFrameTx
</UL>
<BR>[Called By]<UL><LI><a href="#[74]">&gt;&gt;</a>&nbsp;&nbsp;&nbsp;udp
<LI><a href="#[71]">&gt;&gt;</a>&nbsp;&nbsp;&nbsp;icmp
<LI><a href="#[6b]">&gt;&gt;</a>&nbsp;&nbsp;&nbsp;arp
</UL>

<P><STRONG><a name="[5d]"></a>ETH_Start</STRONG> (Thumb, 38 bytes, Stack size 16 bytes, mdr32f9qx_eth.o(.text.ETH_Start))
<BR><BR>[Stack]<UL><LI>Max Depth = 16<LI>Call Chain = ETH_Start
</UL>
<BR>[Calls]<UL><LI><a href="#[5e]">&gt;&gt;</a>&nbsp;&nbsp;&nbsp;ETH_MACTransmissionCmd
<LI><a href="#[5f]">&gt;&gt;</a>&nbsp;&nbsp;&nbsp;ETH_MACReceptionCmd
</UL>
<BR>[Called By]<UL><LI><a href="#[78]">&gt;&gt;</a>&nbsp;&nbsp;&nbsp;set_ethernet
</UL>

<P><STRONG><a name="[8d]"></a>ETH_StructInit</STRONG> (Thumb, 104 bytes, Stack size 16 bytes, mdr32f9qx_eth.o(.text.ETH_StructInit))
<BR><BR>[Stack]<UL><LI>Max Depth = 16<LI>Call Chain = ETH_StructInit
</UL>
<BR>[Called By]<UL><LI><a href="#[78]">&gt;&gt;</a>&nbsp;&nbsp;&nbsp;set_ethernet
</UL>

<P><STRONG><a name="[91]"></a>PORT_Init</STRONG> (Thumb, 228 bytes, Stack size 64 bytes, mdr32f9qx_port.o(.text.PORT_Init))
<BR><BR>[Stack]<UL><LI>Max Depth = 64<LI>Call Chain = PORT_Init
</UL>
<BR>[Called By]<UL><LI><a href="#[77]">&gt;&gt;</a>&nbsp;&nbsp;&nbsp;set_port
</UL>

<P><STRONG><a name="[48]"></a>PORT_ResetBits</STRONG> (Thumb, 4 bytes, Stack size 0 bytes, mdr32f9qx_port.o(.text.PORT_ResetBits))
<BR><BR>[Called By]<UL><LI><a href="#[74]">&gt;&gt;</a>&nbsp;&nbsp;&nbsp;udp
<LI><a href="#[6f]">&gt;&gt;</a>&nbsp;&nbsp;&nbsp;spi_transfer
<LI><a href="#[17]">&gt;&gt;</a>&nbsp;&nbsp;&nbsp;ADC_IRQHandler
</UL>

<P><STRONG><a name="[3e]"></a>PORT_SetBits</STRONG> (Thumb, 4 bytes, Stack size 0 bytes, mdr32f9qx_port.o(.text.PORT_SetBits))
<BR><BR>[Called By]<UL><LI><a href="#[74]">&gt;&gt;</a>&nbsp;&nbsp;&nbsp;udp
<LI><a href="#[6f]">&gt;&gt;</a>&nbsp;&nbsp;&nbsp;spi_transfer
<LI><a href="#[17]">&gt;&gt;</a>&nbsp;&nbsp;&nbsp;ADC_IRQHandler
</UL>

<P><STRONG><a name="[87]"></a>RST_CLK_ADCclkEnable</STRONG> (Thumb, 24 bytes, Stack size 0 bytes, mdr32f9qx_rst_clk.o(.text.RST_CLK_ADCclkEnable))
<BR><BR>[Called By]<UL><LI><a href="#[75]">&gt;&gt;</a>&nbsp;&nbsp;&nbsp;set_clk
</UL>

<P><STRONG><a name="[86]"></a>RST_CLK_ADCclkPrescaler</STRONG> (Thumb, 20 bytes, Stack size 0 bytes, mdr32f9qx_rst_clk.o(.text.RST_CLK_ADCclkPrescaler))
<BR><BR>[Called By]<UL><LI><a href="#[75]">&gt;&gt;</a>&nbsp;&nbsp;&nbsp;set_clk
</UL>

<P><STRONG><a name="[68]"></a>RST_CLK_ADCclkSelection</STRONG> (Thumb, 16 bytes, Stack size 0 bytes, mdr32f9qx_rst_clk.o(.text.RST_CLK_ADCclkSelection))
<BR><BR>[Called By]<UL><LI><a href="#[75]">&gt;&gt;</a>&nbsp;&nbsp;&nbsp;set_clk
<LI><a href="#[15]">&gt;&gt;</a>&nbsp;&nbsp;&nbsp;TIMER2_IRQHandler
</UL>

<P><STRONG><a name="[81]"></a>RST_CLK_CPU_PLLcmd</STRONG> (Thumb, 20 bytes, Stack size 0 bytes, mdr32f9qx_rst_clk.o(.text.RST_CLK_CPU_PLLcmd))
<BR><BR>[Called By]<UL><LI><a href="#[75]">&gt;&gt;</a>&nbsp;&nbsp;&nbsp;set_clk
</UL>

<P><STRONG><a name="[82]"></a>RST_CLK_CPU_PLLconfig</STRONG> (Thumb, 52 bytes, Stack size 8 bytes, mdr32f9qx_rst_clk.o(.text.RST_CLK_CPU_PLLconfig))
<BR><BR>[Stack]<UL><LI>Max Depth = 8<LI>Call Chain = RST_CLK_CPU_PLLconfig
</UL>
<BR>[Called By]<UL><LI><a href="#[75]">&gt;&gt;</a>&nbsp;&nbsp;&nbsp;set_clk
</UL>

<P><STRONG><a name="[60]"></a>RST_CLK_CPU_PLLstatus</STRONG> (Thumb, 46 bytes, Stack size 16 bytes, mdr32f9qx_rst_clk.o(.text.RST_CLK_CPU_PLLstatus))
<BR><BR>[Stack]<UL><LI>Max Depth = 16<LI>Call Chain = RST_CLK_CPU_PLLstatus
</UL>
<BR>[Calls]<UL><LI><a href="#[61]">&gt;&gt;</a>&nbsp;&nbsp;&nbsp;RST_CLK_GetFlagStatus
</UL>
<BR>[Called By]<UL><LI><a href="#[75]">&gt;&gt;</a>&nbsp;&nbsp;&nbsp;set_clk
</UL>

<P><STRONG><a name="[83]"></a>RST_CLK_CPU_PLLuse</STRONG> (Thumb, 20 bytes, Stack size 0 bytes, mdr32f9qx_rst_clk.o(.text.RST_CLK_CPU_PLLuse))
<BR><BR>[Called By]<UL><LI><a href="#[75]">&gt;&gt;</a>&nbsp;&nbsp;&nbsp;set_clk
</UL>

<P><STRONG><a name="[84]"></a>RST_CLK_CPUclkSelection</STRONG> (Thumb, 16 bytes, Stack size 0 bytes, mdr32f9qx_rst_clk.o(.text.RST_CLK_CPUclkSelection))
<BR><BR>[Called By]<UL><LI><a href="#[75]">&gt;&gt;</a>&nbsp;&nbsp;&nbsp;set_clk
</UL>

<P><STRONG><a name="[61]"></a>RST_CLK_GetFlagStatus</STRONG> (Thumb, 28 bytes, Stack size 0 bytes, mdr32f9qx_rst_clk.o(.text.RST_CLK_GetFlagStatus))
<BR><BR>[Called By]<UL><LI><a href="#[63]">&gt;&gt;</a>&nbsp;&nbsp;&nbsp;RST_CLK_HSEstatus
<LI><a href="#[62]">&gt;&gt;</a>&nbsp;&nbsp;&nbsp;RST_CLK_HSE2status
<LI><a href="#[60]">&gt;&gt;</a>&nbsp;&nbsp;&nbsp;RST_CLK_CPU_PLLstatus
</UL>

<P><STRONG><a name="[80]"></a>RST_CLK_HSE2config</STRONG> (Thumb, 32 bytes, Stack size 0 bytes, mdr32f9qx_rst_clk.o(.text.RST_CLK_HSE2config))
<BR><BR>[Called By]<UL><LI><a href="#[75]">&gt;&gt;</a>&nbsp;&nbsp;&nbsp;set_clk
</UL>

<P><STRONG><a name="[62]"></a>RST_CLK_HSE2status</STRONG> (Thumb, 44 bytes, Stack size 16 bytes, mdr32f9qx_rst_clk.o(.text.RST_CLK_HSE2status))
<BR><BR>[Stack]<UL><LI>Max Depth = 16<LI>Call Chain = RST_CLK_HSE2status
</UL>
<BR>[Calls]<UL><LI><a href="#[61]">&gt;&gt;</a>&nbsp;&nbsp;&nbsp;RST_CLK_GetFlagStatus
</UL>
<BR>[Called By]<UL><LI><a href="#[75]">&gt;&gt;</a>&nbsp;&nbsp;&nbsp;set_clk
</UL>

<P><STRONG><a name="[7f]"></a>RST_CLK_HSEconfig</STRONG> (Thumb, 32 bytes, Stack size 0 bytes, mdr32f9qx_rst_clk.o(.text.RST_CLK_HSEconfig))
<BR><BR>[Called By]<UL><LI><a href="#[75]">&gt;&gt;</a>&nbsp;&nbsp;&nbsp;set_clk
</UL>

<P><STRONG><a name="[63]"></a>RST_CLK_HSEstatus</STRONG> (Thumb, 46 bytes, Stack size 16 bytes, mdr32f9qx_rst_clk.o(.text.RST_CLK_HSEstatus))
<BR><BR>[Stack]<UL><LI>Max Depth = 16<LI>Call Chain = RST_CLK_HSEstatus
</UL>
<BR>[Calls]<UL><LI><a href="#[61]">&gt;&gt;</a>&nbsp;&nbsp;&nbsp;RST_CLK_GetFlagStatus
</UL>
<BR>[Called By]<UL><LI><a href="#[75]">&gt;&gt;</a>&nbsp;&nbsp;&nbsp;set_clk
</UL>

<P><STRONG><a name="[55]"></a>RST_CLK_PCLKcmd</STRONG> (Thumb, 24 bytes, Stack size 0 bytes, mdr32f9qx_rst_clk.o(.text.RST_CLK_PCLKcmd))
<BR><BR>[Called By]<UL><LI><a href="#[54]">&gt;&gt;</a>&nbsp;&nbsp;&nbsp;ETH_DMAPrepare
<LI><a href="#[75]">&gt;&gt;</a>&nbsp;&nbsp;&nbsp;set_clk
</UL>

<P><STRONG><a name="[88]"></a>SSP_BRGInit</STRONG> (Thumb, 76 bytes, Stack size 8 bytes, mdr32f9qx_ssp.o(.text.SSP_BRGInit))
<BR><BR>[Stack]<UL><LI>Max Depth = 8<LI>Call Chain = SSP_BRGInit
</UL>
<BR>[Called By]<UL><LI><a href="#[75]">&gt;&gt;</a>&nbsp;&nbsp;&nbsp;set_clk
</UL>

<P><STRONG><a name="[95]"></a>SSP_Cmd</STRONG> (Thumb, 24 bytes, Stack size 0 bytes, mdr32f9qx_ssp.o(.text.SSP_Cmd))
<BR><BR>[Called By]<UL><LI><a href="#[7a]">&gt;&gt;</a>&nbsp;&nbsp;&nbsp;set_spi
</UL>

<P><STRONG><a name="[92]"></a>SSP_DeInit</STRONG> (Thumb, 18 bytes, Stack size 0 bytes, mdr32f9qx_ssp.o(.text.SSP_DeInit))
<BR><BR>[Called By]<UL><LI><a href="#[7a]">&gt;&gt;</a>&nbsp;&nbsp;&nbsp;set_spi
</UL>

<P><STRONG><a name="[9b]"></a>SSP_GetFlagStatus</STRONG> (Thumb, 10 bytes, Stack size 0 bytes, mdr32f9qx_ssp.o(.text.SSP_GetFlagStatus))
<BR><BR>[Called By]<UL><LI><a href="#[6f]">&gt;&gt;</a>&nbsp;&nbsp;&nbsp;spi_transfer
</UL>

<P><STRONG><a name="[94]"></a>SSP_Init</STRONG> (Thumb, 36 bytes, Stack size 0 bytes, mdr32f9qx_ssp.o(.text.SSP_Init))
<BR><BR>[Called By]<UL><LI><a href="#[7a]">&gt;&gt;</a>&nbsp;&nbsp;&nbsp;set_spi
</UL>

<P><STRONG><a name="[9c]"></a>SSP_ReceiveData</STRONG> (Thumb, 6 bytes, Stack size 0 bytes, mdr32f9qx_ssp.o(.text.SSP_ReceiveData))
<BR><BR>[Called By]<UL><LI><a href="#[6f]">&gt;&gt;</a>&nbsp;&nbsp;&nbsp;spi_transfer
</UL>

<P><STRONG><a name="[9a]"></a>SSP_SendData</STRONG> (Thumb, 4 bytes, Stack size 0 bytes, mdr32f9qx_ssp.o(.text.SSP_SendData))
<BR><BR>[Called By]<UL><LI><a href="#[6f]">&gt;&gt;</a>&nbsp;&nbsp;&nbsp;spi_transfer
</UL>

<P><STRONG><a name="[93]"></a>SSP_StructInit</STRONG> (Thumb, 20 bytes, Stack size 0 bytes, mdr32f9qx_ssp.o(.text.SSP_StructInit))
<BR><BR>[Called By]<UL><LI><a href="#[7a]">&gt;&gt;</a>&nbsp;&nbsp;&nbsp;set_spi
</UL>

<P><STRONG><a name="[64]"></a>SystemCoreClockUpdate</STRONG> (Thumb, 88 bytes, Stack size 8 bytes, system_mdr1986ve1t.o(.text.SystemCoreClockUpdate))
<BR><BR>[Stack]<UL><LI>Max Depth = 8<LI>Call Chain = SystemCoreClockUpdate
</UL>
<BR>[Calls]<UL><LI><a href="#[65]">&gt;&gt;</a>&nbsp;&nbsp;&nbsp;__aeabi_uidiv
</UL>
<BR>[Called By]<UL><LI><a href="#[24]">&gt;&gt;</a>&nbsp;&nbsp;&nbsp;SystemInit
</UL>

<P><STRONG><a name="[24]"></a>SystemInit</STRONG> (Thumb, 40 bytes, Stack size 8 bytes, system_mdr1986ve1t.o(.text.SystemInit))
<BR><BR>[Stack]<UL><LI>Max Depth = 16<LI>Call Chain = SystemInit &rArr; SystemCoreClockUpdate
</UL>
<BR>[Calls]<UL><LI><a href="#[64]">&gt;&gt;</a>&nbsp;&nbsp;&nbsp;SystemCoreClockUpdate
</UL>
<BR>[Address Reference Count : 1]<UL><LI> startup_mdr1986ve1t.o(.text)
</UL>
<P><STRONG><a name="[15]"></a>TIMER2_IRQHandler</STRONG> (Thumb, 56 bytes, Stack size 16 bytes, main.o(.text.TIMER2_IRQHandler))
<BR><BR>[Stack]<UL><LI>Max Depth = 16<LI>Call Chain = TIMER2_IRQHandler
</UL>
<BR>[Calls]<UL><LI><a href="#[6a]">&gt;&gt;</a>&nbsp;&nbsp;&nbsp;TIMER_SetCounter
<LI><a href="#[66]">&gt;&gt;</a>&nbsp;&nbsp;&nbsp;TIMER_GetITStatus
<LI><a href="#[69]">&gt;&gt;</a>&nbsp;&nbsp;&nbsp;TIMER_Cmd
<LI><a href="#[67]">&gt;&gt;</a>&nbsp;&nbsp;&nbsp;TIMER_ClearFlag
<LI><a href="#[68]">&gt;&gt;</a>&nbsp;&nbsp;&nbsp;RST_CLK_ADCclkSelection
</UL>
<BR>[Address Reference Count : 1]<UL><LI> startup_mdr1986ve1t.o(RESET)
</UL>
<P><STRONG><a name="[85]"></a>TIMER_BRGInit</STRONG> (Thumb, 96 bytes, Stack size 16 bytes, mdr32f9qx_timer.o(.text.TIMER_BRGInit))
<BR><BR>[Stack]<UL><LI>Max Depth = 16<LI>Call Chain = TIMER_BRGInit
</UL>
<BR>[Called By]<UL><LI><a href="#[75]">&gt;&gt;</a>&nbsp;&nbsp;&nbsp;set_clk
</UL>

<P><STRONG><a name="[67]"></a>TIMER_ClearFlag</STRONG> (Thumb, 6 bytes, Stack size 0 bytes, mdr32f9qx_timer.o(.text.TIMER_ClearFlag))
<BR><BR>[Called By]<UL><LI><a href="#[76]">&gt;&gt;</a>&nbsp;&nbsp;&nbsp;set_timer
<LI><a href="#[15]">&gt;&gt;</a>&nbsp;&nbsp;&nbsp;TIMER2_IRQHandler
</UL>

<P><STRONG><a name="[69]"></a>TIMER_Cmd</STRONG> (Thumb, 16 bytes, Stack size 0 bytes, mdr32f9qx_timer.o(.text.TIMER_Cmd))
<BR><BR>[Called By]<UL><LI><a href="#[15]">&gt;&gt;</a>&nbsp;&nbsp;&nbsp;TIMER2_IRQHandler
</UL>

<P><STRONG><a name="[98]"></a>TIMER_CntInit</STRONG> (Thumb, 52 bytes, Stack size 0 bytes, mdr32f9qx_timer.o(.text.TIMER_CntInit))
<BR><BR>[Called By]<UL><LI><a href="#[76]">&gt;&gt;</a>&nbsp;&nbsp;&nbsp;set_timer
</UL>

<P><STRONG><a name="[96]"></a>TIMER_CntStructInit</STRONG> (Thumb, 20 bytes, Stack size 0 bytes, mdr32f9qx_timer.o(.text.TIMER_CntStructInit))
<BR><BR>[Called By]<UL><LI><a href="#[76]">&gt;&gt;</a>&nbsp;&nbsp;&nbsp;set_timer
</UL>

<P><STRONG><a name="[66]"></a>TIMER_GetITStatus</STRONG> (Thumb, 14 bytes, Stack size 0 bytes, mdr32f9qx_timer.o(.text.TIMER_GetITStatus))
<BR><BR>[Called By]<UL><LI><a href="#[15]">&gt;&gt;</a>&nbsp;&nbsp;&nbsp;TIMER2_IRQHandler
</UL>

<P><STRONG><a name="[97]"></a>TIMER_ITConfig</STRONG> (Thumb, 18 bytes, Stack size 0 bytes, mdr32f9qx_timer.o(.text.TIMER_ITConfig))
<BR><BR>[Called By]<UL><LI><a href="#[76]">&gt;&gt;</a>&nbsp;&nbsp;&nbsp;set_timer
</UL>

<P><STRONG><a name="[6a]"></a>TIMER_SetCounter</STRONG> (Thumb, 4 bytes, Stack size 0 bytes, mdr32f9qx_timer.o(.text.TIMER_SetCounter))
<BR><BR>[Called By]<UL><LI><a href="#[76]">&gt;&gt;</a>&nbsp;&nbsp;&nbsp;set_timer
<LI><a href="#[15]">&gt;&gt;</a>&nbsp;&nbsp;&nbsp;TIMER2_IRQHandler
</UL>

<P><STRONG><a name="[6b]"></a>arp</STRONG> (Thumb, 208 bytes, Stack size 24 bytes, main.o(.text.arp))
<BR><BR>[Stack]<UL><LI>Max Depth = 72<LI>Call Chain = arp &rArr; ETH_SendFrame &rArr; ETH_DMAFrameTx
</UL>
<BR>[Calls]<UL><LI><a href="#[34]">&gt;&gt;</a>&nbsp;&nbsp;&nbsp;__aeabi_memcpy
<LI><a href="#[45]">&gt;&gt;</a>&nbsp;&nbsp;&nbsp;switch_byte
<LI><a href="#[5c]">&gt;&gt;</a>&nbsp;&nbsp;&nbsp;ETH_SendFrame
</UL>
<BR>[Called By]<UL><LI><a href="#[2e]">&gt;&gt;</a>&nbsp;&nbsp;&nbsp;main
</UL>

<P><STRONG><a name="[72]"></a>calc_crc16</STRONG> (Thumb, 52 bytes, Stack size 16 bytes, main.o(.text.calc_crc16))
<BR><BR>[Stack]<UL><LI>Max Depth = 16<LI>Call Chain = calc_crc16
</UL>
<BR>[Called By]<UL><LI><a href="#[74]">&gt;&gt;</a>&nbsp;&nbsp;&nbsp;udp
<LI><a href="#[73]">&gt;&gt;</a>&nbsp;&nbsp;&nbsp;ipv_4
<LI><a href="#[71]">&gt;&gt;</a>&nbsp;&nbsp;&nbsp;icmp
</UL>

<P><STRONG><a name="[6c]"></a>calc_crc16_udp</STRONG> (Thumb, 40 bytes, Stack size 16 bytes, main.o(.text.calc_crc16_udp))
<BR><BR>[Stack]<UL><LI>Max Depth = 32<LI>Call Chain = calc_crc16_udp &rArr; sum_udp_data
</UL>
<BR>[Calls]<UL><LI><a href="#[6d]">&gt;&gt;</a>&nbsp;&nbsp;&nbsp;sum_udp_data
</UL>
<BR>[Called By]<UL><LI><a href="#[74]">&gt;&gt;</a>&nbsp;&nbsp;&nbsp;udp
</UL>

<P><STRONG><a name="[6e]"></a>collect_spi_data</STRONG> (Thumb, 32 bytes, Stack size 24 bytes, main.o(.text.collect_spi_data))
<BR><BR>[Stack]<UL><LI>Max Depth = 48<LI>Call Chain = collect_spi_data &rArr; spi_transfer
</UL>
<BR>[Calls]<UL><LI><a href="#[6f]">&gt;&gt;</a>&nbsp;&nbsp;&nbsp;spi_transfer
</UL>
<BR>[Called By]<UL><LI><a href="#[74]">&gt;&gt;</a>&nbsp;&nbsp;&nbsp;udp
</UL>

<P><STRONG><a name="[70]"></a>get_ethernet_packet</STRONG> (Thumb, 84 bytes, Stack size 16 bytes, main.o(.text.get_ethernet_packet))
<BR><BR>[Stack]<UL><LI>Max Depth = 72<LI>Call Chain = get_ethernet_packet &rArr; ETH_ReceivedFrame &rArr; ETH_DMAFrameRx
</UL>
<BR>[Calls]<UL><LI><a href="#[45]">&gt;&gt;</a>&nbsp;&nbsp;&nbsp;switch_byte
<LI><a href="#[5b]">&gt;&gt;</a>&nbsp;&nbsp;&nbsp;ETH_ReceivedFrame
</UL>
<BR>[Called By]<UL><LI><a href="#[2e]">&gt;&gt;</a>&nbsp;&nbsp;&nbsp;main
</UL>

<P><STRONG><a name="[71]"></a>icmp</STRONG> (Thumb, 176 bytes, Stack size 24 bytes, main.o(.text.icmp))
<BR><BR>[Stack]<UL><LI>Max Depth = 72<LI>Call Chain = icmp &rArr; ETH_SendFrame &rArr; ETH_DMAFrameTx
</UL>
<BR>[Calls]<UL><LI><a href="#[34]">&gt;&gt;</a>&nbsp;&nbsp;&nbsp;__aeabi_memcpy
<LI><a href="#[45]">&gt;&gt;</a>&nbsp;&nbsp;&nbsp;switch_byte
<LI><a href="#[72]">&gt;&gt;</a>&nbsp;&nbsp;&nbsp;calc_crc16
<LI><a href="#[5c]">&gt;&gt;</a>&nbsp;&nbsp;&nbsp;ETH_SendFrame
</UL>
<BR>[Called By]<UL><LI><a href="#[73]">&gt;&gt;</a>&nbsp;&nbsp;&nbsp;ipv_4
</UL>

<P><STRONG><a name="[73]"></a>ipv_4</STRONG> (Thumb, 104 bytes, Stack size 16 bytes, main.o(.text.ipv_4))
<BR><BR>[Stack]<UL><LI>Max Depth = 104<LI>Call Chain = ipv_4 &rArr; udp &rArr; collect_spi_data &rArr; spi_transfer
</UL>
<BR>[Calls]<UL><LI><a href="#[74]">&gt;&gt;</a>&nbsp;&nbsp;&nbsp;udp
<LI><a href="#[71]">&gt;&gt;</a>&nbsp;&nbsp;&nbsp;icmp
<LI><a href="#[72]">&gt;&gt;</a>&nbsp;&nbsp;&nbsp;calc_crc16
</UL>
<BR>[Called By]<UL><LI><a href="#[2e]">&gt;&gt;</a>&nbsp;&nbsp;&nbsp;main
</UL>

<P><STRONG><a name="[2e]"></a>main</STRONG> (Thumb, 76 bytes, Stack size 0 bytes, main.o(.text.main))
<BR><BR>[Stack]<UL><LI>Max Depth = 232<LI>Call Chain = main &rArr; set_ethernet &rArr; ETH_Init &rArr; ETH_DMAPrepare &rArr; DMA_Init &rArr; DMA_CtrlDataInit
</UL>
<BR>[Calls]<UL><LI><a href="#[76]">&gt;&gt;</a>&nbsp;&nbsp;&nbsp;set_timer
<LI><a href="#[7a]">&gt;&gt;</a>&nbsp;&nbsp;&nbsp;set_spi
<LI><a href="#[77]">&gt;&gt;</a>&nbsp;&nbsp;&nbsp;set_port
<LI><a href="#[78]">&gt;&gt;</a>&nbsp;&nbsp;&nbsp;set_ethernet
<LI><a href="#[75]">&gt;&gt;</a>&nbsp;&nbsp;&nbsp;set_clk
<LI><a href="#[79]">&gt;&gt;</a>&nbsp;&nbsp;&nbsp;set_adc
<LI><a href="#[73]">&gt;&gt;</a>&nbsp;&nbsp;&nbsp;ipv_4
<LI><a href="#[70]">&gt;&gt;</a>&nbsp;&nbsp;&nbsp;get_ethernet_packet
<LI><a href="#[6b]">&gt;&gt;</a>&nbsp;&nbsp;&nbsp;arp
</UL>
<BR>[Called By]<UL><LI><a href="#[2d]">&gt;&gt;</a>&nbsp;&nbsp;&nbsp;__rt_entry_main
</UL>

<P><STRONG><a name="[79]"></a>set_adc</STRONG> (Thumb, 62 bytes, Stack size 72 bytes, adc.o(.text.set_adc))
<BR><BR>[Stack]<UL><LI>Max Depth = 80<LI>Call Chain = set_adc &rArr; ADC1_Init
</UL>
<BR>[Calls]<UL><LI><a href="#[7c]">&gt;&gt;</a>&nbsp;&nbsp;&nbsp;ADC_StructInit
<LI><a href="#[7b]">&gt;&gt;</a>&nbsp;&nbsp;&nbsp;ADC1_Init
<LI><a href="#[7d]">&gt;&gt;</a>&nbsp;&nbsp;&nbsp;ADC1_ITConfig
<LI><a href="#[7e]">&gt;&gt;</a>&nbsp;&nbsp;&nbsp;NVIC_EnableIRQ
<LI><a href="#[47]">&gt;&gt;</a>&nbsp;&nbsp;&nbsp;ADC1_Cmd
</UL>
<BR>[Called By]<UL><LI><a href="#[2e]">&gt;&gt;</a>&nbsp;&nbsp;&nbsp;main
</UL>

<P><STRONG><a name="[75]"></a>set_clk</STRONG> (Thumb, 224 bytes, Stack size 24 bytes, clk.o(.text.set_clk))
<BR><BR>[Stack]<UL><LI>Max Depth = 40<LI>Call Chain = set_clk &rArr; TIMER_BRGInit
</UL>
<BR>[Calls]<UL><LI><a href="#[85]">&gt;&gt;</a>&nbsp;&nbsp;&nbsp;TIMER_BRGInit
<LI><a href="#[88]">&gt;&gt;</a>&nbsp;&nbsp;&nbsp;SSP_BRGInit
<LI><a href="#[55]">&gt;&gt;</a>&nbsp;&nbsp;&nbsp;RST_CLK_PCLKcmd
<LI><a href="#[63]">&gt;&gt;</a>&nbsp;&nbsp;&nbsp;RST_CLK_HSEstatus
<LI><a href="#[7f]">&gt;&gt;</a>&nbsp;&nbsp;&nbsp;RST_CLK_HSEconfig
<LI><a href="#[62]">&gt;&gt;</a>&nbsp;&nbsp;&nbsp;RST_CLK_HSE2status
<LI><a href="#[80]">&gt;&gt;</a>&nbsp;&nbsp;&nbsp;RST_CLK_HSE2config
<LI><a href="#[84]">&gt;&gt;</a>&nbsp;&nbsp;&nbsp;RST_CLK_CPUclkSelection
<LI><a href="#[83]">&gt;&gt;</a>&nbsp;&nbsp;&nbsp;RST_CLK_CPU_PLLuse
<LI><a href="#[60]">&gt;&gt;</a>&nbsp;&nbsp;&nbsp;RST_CLK_CPU_PLLstatus
<LI><a href="#[82]">&gt;&gt;</a>&nbsp;&nbsp;&nbsp;RST_CLK_CPU_PLLconfig
<LI><a href="#[81]">&gt;&gt;</a>&nbsp;&nbsp;&nbsp;RST_CLK_CPU_PLLcmd
<LI><a href="#[86]">&gt;&gt;</a>&nbsp;&nbsp;&nbsp;RST_CLK_ADCclkPrescaler
<LI><a href="#[87]">&gt;&gt;</a>&nbsp;&nbsp;&nbsp;RST_CLK_ADCclkEnable
<LI><a href="#[8a]">&gt;&gt;</a>&nbsp;&nbsp;&nbsp;ETH_PHY_ClockConfig
<LI><a href="#[89]">&gt;&gt;</a>&nbsp;&nbsp;&nbsp;ETH_ClockDeInit
<LI><a href="#[8c]">&gt;&gt;</a>&nbsp;&nbsp;&nbsp;ETH_ClockCMD
<LI><a href="#[8b]">&gt;&gt;</a>&nbsp;&nbsp;&nbsp;ETH_BRGInit
<LI><a href="#[68]">&gt;&gt;</a>&nbsp;&nbsp;&nbsp;RST_CLK_ADCclkSelection
</UL>
<BR>[Called By]<UL><LI><a href="#[2e]">&gt;&gt;</a>&nbsp;&nbsp;&nbsp;main
</UL>

<P><STRONG><a name="[78]"></a>set_ethernet</STRONG> (Thumb, 124 bytes, Stack size 112 bytes, ethernet.o(.text.set_ethernet))
<BR><BR>[Stack]<UL><LI>Max Depth = 232<LI>Call Chain = set_ethernet &rArr; ETH_Init &rArr; ETH_DMAPrepare &rArr; DMA_Init &rArr; DMA_CtrlDataInit
</UL>
<BR>[Calls]<UL><LI><a href="#[8d]">&gt;&gt;</a>&nbsp;&nbsp;&nbsp;ETH_StructInit
<LI><a href="#[5d]">&gt;&gt;</a>&nbsp;&nbsp;&nbsp;ETH_Start
<LI><a href="#[90]">&gt;&gt;</a>&nbsp;&nbsp;&nbsp;ETH_PHYCmd
<LI><a href="#[8e]">&gt;&gt;</a>&nbsp;&nbsp;&nbsp;ETH_MACITConfig
<LI><a href="#[59]">&gt;&gt;</a>&nbsp;&nbsp;&nbsp;ETH_Init
<LI><a href="#[57]">&gt;&gt;</a>&nbsp;&nbsp;&nbsp;ETH_DeInit
<LI><a href="#[8f]">&gt;&gt;</a>&nbsp;&nbsp;&nbsp;NVIC_EnableIRQ
</UL>
<BR>[Called By]<UL><LI><a href="#[2e]">&gt;&gt;</a>&nbsp;&nbsp;&nbsp;main
</UL>

<P><STRONG><a name="[77]"></a>set_port</STRONG> (Thumb, 180 bytes, Stack size 40 bytes, port.o(.text.set_port))
<BR><BR>[Stack]<UL><LI>Max Depth = 104<LI>Call Chain = set_port &rArr; PORT_Init
</UL>
<BR>[Calls]<UL><LI><a href="#[91]">&gt;&gt;</a>&nbsp;&nbsp;&nbsp;PORT_Init
</UL>
<BR>[Called By]<UL><LI><a href="#[2e]">&gt;&gt;</a>&nbsp;&nbsp;&nbsp;main
</UL>

<P><STRONG><a name="[7a]"></a>set_spi</STRONG> (Thumb, 56 bytes, Stack size 16 bytes, spi.o(.text.set_spi))
<BR><BR>[Stack]<UL><LI>Max Depth = 16<LI>Call Chain = set_spi
</UL>
<BR>[Calls]<UL><LI><a href="#[93]">&gt;&gt;</a>&nbsp;&nbsp;&nbsp;SSP_StructInit
<LI><a href="#[94]">&gt;&gt;</a>&nbsp;&nbsp;&nbsp;SSP_Init
<LI><a href="#[92]">&gt;&gt;</a>&nbsp;&nbsp;&nbsp;SSP_DeInit
<LI><a href="#[95]">&gt;&gt;</a>&nbsp;&nbsp;&nbsp;SSP_Cmd
</UL>
<BR>[Called By]<UL><LI><a href="#[2e]">&gt;&gt;</a>&nbsp;&nbsp;&nbsp;main
</UL>

<P><STRONG><a name="[76]"></a>set_timer</STRONG> (Thumb, 72 bytes, Stack size 24 bytes, tmr.o(.text.set_timer))
<BR><BR>[Stack]<UL><LI>Max Depth = 24<LI>Call Chain = set_timer
</UL>
<BR>[Calls]<UL><LI><a href="#[97]">&gt;&gt;</a>&nbsp;&nbsp;&nbsp;TIMER_ITConfig
<LI><a href="#[96]">&gt;&gt;</a>&nbsp;&nbsp;&nbsp;TIMER_CntStructInit
<LI><a href="#[98]">&gt;&gt;</a>&nbsp;&nbsp;&nbsp;TIMER_CntInit
<LI><a href="#[99]">&gt;&gt;</a>&nbsp;&nbsp;&nbsp;NVIC_EnableIRQ
<LI><a href="#[6a]">&gt;&gt;</a>&nbsp;&nbsp;&nbsp;TIMER_SetCounter
<LI><a href="#[67]">&gt;&gt;</a>&nbsp;&nbsp;&nbsp;TIMER_ClearFlag
</UL>
<BR>[Called By]<UL><LI><a href="#[2e]">&gt;&gt;</a>&nbsp;&nbsp;&nbsp;main
</UL>

<P><STRONG><a name="[6f]"></a>spi_transfer</STRONG> (Thumb, 80 bytes, Stack size 24 bytes, spi.o(.text.spi_transfer))
<BR><BR>[Stack]<UL><LI>Max Depth = 24<LI>Call Chain = spi_transfer
</UL>
<BR>[Calls]<UL><LI><a href="#[9a]">&gt;&gt;</a>&nbsp;&nbsp;&nbsp;SSP_SendData
<LI><a href="#[9c]">&gt;&gt;</a>&nbsp;&nbsp;&nbsp;SSP_ReceiveData
<LI><a href="#[9b]">&gt;&gt;</a>&nbsp;&nbsp;&nbsp;SSP_GetFlagStatus
<LI><a href="#[3e]">&gt;&gt;</a>&nbsp;&nbsp;&nbsp;PORT_SetBits
<LI><a href="#[48]">&gt;&gt;</a>&nbsp;&nbsp;&nbsp;PORT_ResetBits
</UL>
<BR>[Called By]<UL><LI><a href="#[6e]">&gt;&gt;</a>&nbsp;&nbsp;&nbsp;collect_spi_data
</UL>

<P><STRONG><a name="[6d]"></a>sum_udp_data</STRONG> (Thumb, 48 bytes, Stack size 16 bytes, main.o(.text.sum_udp_data))
<BR><BR>[Stack]<UL><LI>Max Depth = 16<LI>Call Chain = sum_udp_data
</UL>
<BR>[Called By]<UL><LI><a href="#[6c]">&gt;&gt;</a>&nbsp;&nbsp;&nbsp;calc_crc16_udp
</UL>

<P><STRONG><a name="[45]"></a>switch_byte</STRONG> (Thumb, 4 bytes, Stack size 0 bytes, main.o(.text.switch_byte))
<BR><BR>[Called By]<UL><LI><a href="#[74]">&gt;&gt;</a>&nbsp;&nbsp;&nbsp;udp
<LI><a href="#[71]">&gt;&gt;</a>&nbsp;&nbsp;&nbsp;icmp
<LI><a href="#[70]">&gt;&gt;</a>&nbsp;&nbsp;&nbsp;get_ethernet_packet
<LI><a href="#[6b]">&gt;&gt;</a>&nbsp;&nbsp;&nbsp;arp
<LI><a href="#[17]">&gt;&gt;</a>&nbsp;&nbsp;&nbsp;ADC_IRQHandler
</UL>

<P><STRONG><a name="[74]"></a>udp</STRONG> (Thumb, 312 bytes, Stack size 40 bytes, main.o(.text.udp))
<BR><BR>[Stack]<UL><LI>Max Depth = 88<LI>Call Chain = udp &rArr; collect_spi_data &rArr; spi_transfer
</UL>
<BR>[Calls]<UL><LI><a href="#[34]">&gt;&gt;</a>&nbsp;&nbsp;&nbsp;__aeabi_memcpy
<LI><a href="#[45]">&gt;&gt;</a>&nbsp;&nbsp;&nbsp;switch_byte
<LI><a href="#[6e]">&gt;&gt;</a>&nbsp;&nbsp;&nbsp;collect_spi_data
<LI><a href="#[6c]">&gt;&gt;</a>&nbsp;&nbsp;&nbsp;calc_crc16_udp
<LI><a href="#[72]">&gt;&gt;</a>&nbsp;&nbsp;&nbsp;calc_crc16
<LI><a href="#[3e]">&gt;&gt;</a>&nbsp;&nbsp;&nbsp;PORT_SetBits
<LI><a href="#[48]">&gt;&gt;</a>&nbsp;&nbsp;&nbsp;PORT_ResetBits
<LI><a href="#[5c]">&gt;&gt;</a>&nbsp;&nbsp;&nbsp;ETH_SendFrame
</UL>
<BR>[Called By]<UL><LI><a href="#[73]">&gt;&gt;</a>&nbsp;&nbsp;&nbsp;ipv_4
</UL>

<P><STRONG><a name="[65]"></a>__aeabi_uidiv</STRONG> (Thumb, 68 bytes, Stack size 0 bytes, aeabi_sdivfast.o(.text_divfast))
<BR><BR>[Called By]<UL><LI><a href="#[64]">&gt;&gt;</a>&nbsp;&nbsp;&nbsp;SystemCoreClockUpdate
</UL>

<P><STRONG><a name="[d2]"></a>__aeabi_idiv</STRONG> (Thumb, 434 bytes, Stack size 8 bytes, aeabi_sdivfast.o(.text_divfast), UNUSED)

<P><STRONG><a name="[40]"></a>__aeabi_fmul</STRONG> (Thumb, 0 bytes, Stack size 16 bytes, fmul.o(x$fpl$fmul))
<BR><BR>[Stack]<UL><LI>Max Depth = 16<LI>Call Chain = __aeabi_fmul
</UL>
<BR>[Called By]<UL><LI><a href="#[17]">&gt;&gt;</a>&nbsp;&nbsp;&nbsp;ADC_IRQHandler
</UL>

<P><STRONG><a name="[d3]"></a>_fmul</STRONG> (Thumb, 172 bytes, Stack size 16 bytes, fmul.o(x$fpl$fmul), UNUSED)
<P>
<H3>
Local Symbols
</H3>
<P><STRONG><a name="[4a]"></a>NVIC_ClearPendingIRQ</STRONG> (Thumb, 16 bytes, Stack size 0 bytes, main.o(.text.NVIC_ClearPendingIRQ))
<BR><BR>[Called By]<UL><LI><a href="#[18]">&gt;&gt;</a>&nbsp;&nbsp;&nbsp;ETHERNET_IRQHandler
<LI><a href="#[17]">&gt;&gt;</a>&nbsp;&nbsp;&nbsp;ADC_IRQHandler
</UL>

<P><STRONG><a name="[46]"></a>NVIC_DisableIRQ</STRONG> (Thumb, 12 bytes, Stack size 0 bytes, main.o(.text.NVIC_DisableIRQ))
<BR><BR>[Called By]<UL><LI><a href="#[17]">&gt;&gt;</a>&nbsp;&nbsp;&nbsp;ADC_IRQHandler
</UL>

<P><STRONG><a name="[8f]"></a>NVIC_EnableIRQ</STRONG> (Thumb, 12 bytes, Stack size 0 bytes, ethernet.o(.text.NVIC_EnableIRQ))
<BR><BR>[Called By]<UL><LI><a href="#[78]">&gt;&gt;</a>&nbsp;&nbsp;&nbsp;set_ethernet
</UL>

<P><STRONG><a name="[99]"></a>NVIC_EnableIRQ</STRONG> (Thumb, 12 bytes, Stack size 0 bytes, tmr.o(.text.NVIC_EnableIRQ))
<BR><BR>[Called By]<UL><LI><a href="#[76]">&gt;&gt;</a>&nbsp;&nbsp;&nbsp;set_timer
</UL>

<P><STRONG><a name="[7e]"></a>NVIC_EnableIRQ</STRONG> (Thumb, 12 bytes, Stack size 0 bytes, adc.o(.text.NVIC_EnableIRQ))
<BR><BR>[Called By]<UL><LI><a href="#[79]">&gt;&gt;</a>&nbsp;&nbsp;&nbsp;set_adc
</UL>

<P><STRONG><a name="[4c]"></a>NVIC_ClearPendingIRQ</STRONG> (Thumb, 8 bytes, Stack size 0 bytes, mdr32f9qx_dma.o(.text.NVIC_ClearPendingIRQ))
<BR><BR>[Called By]<UL><LI><a href="#[4b]">&gt;&gt;</a>&nbsp;&nbsp;&nbsp;DMA_DeInit
</UL>
<P>
<H3>
Undefined Global Symbols
</H3>
<P><STRONG><a name="[3b]"></a>_call_atexit_fns</STRONG> (ARM, 0 bytes, Stack size 0 bytes, UNDEFINED)
<BR><BR>[Called By]<UL><LI><a href="#[2f]">&gt;&gt;</a>&nbsp;&nbsp;&nbsp;exit
</UL>
<HR></body></html>
