<html>
<body>
<pre>
<h1>µVision Build Log</h1>
<h2>Tool Versions:</h2>
IDE-Version: µVision V5.36.0.0
Copyright (C) 2021 ARM Ltd and ARM Germany GmbH. All rights reserved.
License Information: Nikita Kulikov, MIREA, LIC=----
 
Tool Versions:
Toolchain:       MDK-Lite  Version: 5.36.0.0
Toolchain Path:  C:\Program Files\Keil_v5\ARM\ARMCLANG\Bin
C Compiler:      ArmClang.exe V6.16
Assembler:       Armasm.exe V6.16
Linker/Locator:  ArmLink.exe V6.16
Library Manager: ArmAr.exe V6.16
Hex Converter:   FromElf.exe V6.16
CPU DLL:         SARMCM3.DLL V5.36.0.0
Dialog DLL:      DARMCM1.DLL V1.19.4.0
Target DLL:      UL2CM3.DLL V1.164.0.0
Dialog DLL:      TARMCM1.DLL V1.14.4.0
 
<h2>Project:</h2>
C:\SynologyDrive\Projects\Keil\Milandr\Ethernet-K1986BE1QI\Project\Ethernet.uvprojx
Project File Date:  07/17/2024

<h2>Output:</h2>
*** Using Compiler 'V6.16', folder: 'C:\Program Files\Keil_v5\ARM\ARMCLANG\Bin'
Rebuild target 'Target 1'
compiling port.c...
compiling main.c...
compiling system_MDR1986VE1T.c...
compiling ethernet.c...
compiling clk.c...
compiling MDR32F9Qx_adc.c...
assembling startup_MDR1986VE1T.S...
compiling MDR32F9Qx_dma.c...
compiling MDR32F9Qx_port.c...
compiling MDR32F9Qx_uart.c...
compiling MDR32F9Qx_rst_clk.c...
compiling MDR32F9Qx_eth.c...
compiling MDR32F9Qx_timer.c...
linking...
Program Size: Code=4356 RO-data=224 RW-data=2048 ZI-data=8888  
".\Objects\Ethernet.axf" - 0 Error(s), 0 Warning(s).

<h2>Software Packages used:</h2>

Package Vendor: Keil
                https://ic.milandr.ru/soft/Keil.MDR1986BExx.2.0.3.pack
                Keil.MDR1986BExx.2.0.3
                Milandr MDR1986BExx Series Device Support, Drivers and Examples
   * Component: Startup Variant: 1. Rev.6+ Version: 2.0.3
   * Component: ADC Version: 2.0.3
   * Component: DMA Version: 2.0.3
   * Component: Ethernet Version: 2.0.3
   * Component: PORT Version: 2.0.3
   * Component: RST_CLK Version: 2.0.3
   * Component: TIMER Version: 2.0.3
   * Component: UART Version: 2.0.3

<h2>Collection of Component include folders:</h2>
  .\RTE\Device\MDR1986BE1T
  .\RTE\_Target_1
  C:\Users\nkulikov\AppData\Local\Arm\Packs\Keil\MDR1986BExx\2.0.3\Libraries\CMSIS\MDR32Fx\CoreSupport\CM1
  C:\Users\nkulikov\AppData\Local\Arm\Packs\Keil\MDR1986BExx\2.0.3\Libraries\CMSIS\MDR32Fx\DeviceSupport\MDR1986VE1T\inc
  C:\Users\nkulikov\AppData\Local\Arm\Packs\Keil\MDR1986BExx\2.0.3\Libraries\SPL\MDR32Fx\inc

<h2>Collection of Component Files used:</h2>

   * Component: Keil::Device:Startup:1. Rev.6+:2.0.3
      Source file:   Libraries\CMSIS\MDR32Fx\DeviceSupport\MDR1986VE1T\startup\arm\system_MDR1986VE1T.c
      Include file:  Libraries\CMSIS\MDR32Fx\DeviceSupport\MDR1986VE1T\startup\arm\system_MDR1986VE1T.h
      Source file:   Libraries\CMSIS\MDR32Fx\DeviceSupport\MDR1986VE1T\startup\arm\startup_MDR1986VE1T.S
      Include file:  Libraries\CMSIS\MDR32Fx\DeviceSupport\MDR1986VE1T\inc\MDR1986VE1T.h
      Include file:  Libraries\CMSIS\MDR32Fx\CoreSupport\CM1\core_cm1.h
      Include file:  Libraries\SPL\MDR32Fx\MDR32F9Qx_config.h
      Include file:  Libraries\SPL\MDR32Fx\inc\IRQ_Handler_Template\MDR1986VE1T_IT.h
      Source file:   Libraries\SPL\MDR32Fx\src\IRQ_Handler_Template\MDR1986VE1T_IT.c

   * Component: Keil::Drivers:ADC:2.0.3
      Source file:   Libraries\SPL\MDR32Fx\src\MDR32F9Qx_adc.c
      Include file:  Libraries\SPL\MDR32Fx\inc\MDR32F9Qx_adc.h

   * Component: Keil::Drivers:DMA:2.0.3
      Include file:  Libraries\SPL\MDR32Fx\inc\MDR32F9Qx_dma.h
      Source file:   Libraries\SPL\MDR32Fx\src\MDR32F9Qx_dma.c

   * Component: Keil::Drivers:Ethernet:2.0.3
      Include file:  Libraries\SPL\MDR32Fx\inc\MDR32F9Qx_eth.h
      Source file:   Libraries\SPL\MDR32Fx\src\MDR32F9Qx_eth.c

   * Component: Keil::Drivers:PORT:2.0.3
      Include file:  Libraries\SPL\MDR32Fx\inc\MDR32F9Qx_port.h
      Source file:   Libraries\SPL\MDR32Fx\src\MDR32F9Qx_port.c

   * Component: Keil::Drivers:RST_CLK:2.0.3
      Source file:   Libraries\SPL\MDR32Fx\src\MDR32F9Qx_rst_clk.c
      Include file:  Libraries\SPL\MDR32Fx\inc\MDR32F9Qx_rst_clk.h

   * Component: Keil::Drivers:TIMER:2.0.3
      Include file:  Libraries\SPL\MDR32Fx\inc\MDR32F9Qx_timer.h
      Source file:   Libraries\SPL\MDR32Fx\src\MDR32F9Qx_timer.c

   * Component: Keil::Drivers:UART:2.0.3
      Source file:   Libraries\SPL\MDR32Fx\src\MDR32F9Qx_uart.c
      Include file:  Libraries\SPL\MDR32Fx\inc\MDR32F9Qx_uart.h
Build Time Elapsed:  00:00:01
</pre>
</body>
</html>
